Archive member included to satisfy reference by file (symbol)

app/libapp.a(main.c.obj)      (--whole-archive)
app/libapp.a(sensor.c.obj)    (--whole-archive)
app/libapp.a(logger.c.obj)    (--whole-archive)
zephyr/libzephyr.a(validate_libc.c.obj)
                              (--whole-archive)
zephyr/libzephyr.a(heap.c.obj)
                              (--whole-archive)
zephyr/libzephyr.a(boot_banner.c.obj)
                              (--whole-archive)
zephyr/libzephyr.a(cbprintf_packaged.c.obj)
                              (--whole-archive)
zephyr/libzephyr.a(clock.c.obj)
                              (--whole-archive)
zephyr/libzephyr.a(printk.c.obj)
                              (--whole-archive)
zephyr/libzephyr.a(cbprintf_complete.c.obj)
                              (--whole-archive)
zephyr/libzephyr.a(cbprintf.c.obj)
                              (--whole-archive)
zephyr/libzephyr.a(assert.c.obj)
                              (--whole-archive)
zephyr/libzephyr.a(dec.c.obj)
                              (--whole-archive)
zephyr/libzephyr.a(hex.c.obj)
                              (--whole-archive)
zephyr/libzephyr.a(rb.c.obj)  (--whole-archive)
zephyr/libzephyr.a(set.c.obj)
                              (--whole-archive)
zephyr/libzephyr.a(timeutil.c.obj)
                              (--whole-archive)
zephyr/libzephyr.a(bitarray.c.obj)
                              (--whole-archive)
zephyr/libzephyr.a(bitmask.c.obj)
                              (--whole-archive)
zephyr/libzephyr.a(getopt.c.obj)
                              (--whole-archive)
zephyr/libzephyr.a(getopt_common.c.obj)
                              (--whole-archive)
zephyr/libzephyr.a(ring_buffer.c.obj)
                              (--whole-archive)
zephyr/libzephyr.a(configs.c.obj)
                              (--whole-archive)
zephyr/libzephyr.a(log_core.c.obj)
                              (--whole-archive)
zephyr/libzephyr.a(log_mgmt.c.obj)
                              (--whole-archive)
zephyr/libzephyr.a(log_cache.c.obj)
                              (--whole-archive)
zephyr/libzephyr.a(log_msg.c.obj)
                              (--whole-archive)
zephyr/libzephyr.a(log_output.c.obj)
                              (--whole-archive)
zephyr/libzephyr.a(log_backend_native_posix.c.obj)
                              (--whole-archive)
zephyr/libzephyr.a(tracing_none.c.obj)
                              (--whole-archive)
zephyr/libzephyr.a(sem.c.obj)
                              (--whole-archive)
zephyr/libzephyr.a(thread_entry.c.obj)
                              (--whole-archive)
zephyr/arch/common/libarch__common.a(init.c.obj)
                              (--whole-archive)
zephyr/arch/common/libarch__common.a(instr_mem.c.obj)
                              (--whole-archive)
zephyr/arch/arch/posix/core/libarch__posix__core.a(cpuhalt.c.obj)
                              (--whole-archive)
zephyr/arch/arch/posix/core/libarch__posix__core.a(fatal.c.obj)
                              (--whole-archive)
zephyr/arch/arch/posix/core/libarch__posix__core.a(irq.c.obj)
                              (--whole-archive)
zephyr/arch/arch/posix/core/libarch__posix__core.a(swap.c.obj)
                              (--whole-archive)
zephyr/arch/arch/posix/core/libarch__posix__core.a(thread.c.obj)
                              (--whole-archive)
zephyr/arch/arch/posix/core/libarch__posix__core.a(posix_core_nsi.c.obj)
                              (--whole-archive)
zephyr/soc/soc/native/libsoc__native__inf_clock.a(soc.c.obj)
                              (--whole-archive)
zephyr/soc/soc/native/libsoc__native__inf_clock.a(native_tasks.c.obj)
                              (--whole-archive)
zephyr/soc/soc/native/libsoc__native__inf_clock.a(native_remap.c.obj)
                              (--whole-archive)
zephyr/boards/native/native_sim/libboards__native__native_sim.a(cmdline.c.obj)
                              (--whole-archive)
zephyr/boards/native/native_sim/libboards__native__native_sim.a(cpu_wait.c.obj)
                              (--whole-archive)
zephyr/boards/native/native_sim/libboards__native__native_sim.a(nsi_if.c.obj)
                              (--whole-archive)
zephyr/boards/native/native_sim/libboards__native__native_sim.a(irq_handler.c.obj)
                              (--whole-archive)
zephyr/boards/native/native_sim/libboards__native__native_sim.a(misc.c.obj)
                              (--whole-archive)
zephyr/boards/native/native_sim/libboards__native__native_sim.a(posix_arch_if.c.obj)
                              (--whole-archive)
zephyr/drivers/console/libdrivers__console.a(posix_arch_console.c.obj)
                              (--whole-archive)
zephyr/drivers/timer/libdrivers__timer.a(sys_clock_init.c.obj)
                              (--whole-archive)
zephyr/drivers/timer/libdrivers__timer.a(native_sim_timer.c.obj)
                              (--whole-archive)
zephyr/kernel/libkernel.a(fatal.c.obj)
[...]
Memory Configuration

Name             Origin             Length             Attributes
*default*        0x0000000000000000 0xffffffffffffffff

Linker script and memory map


.interp
 *(SORT_BY_ALIGNMENT(.interp))

.note.gnu.property
                0x0000000000000000       0x1c
 .note.gnu.property
                0x0000000000000000       0x1c zephyr/CMakeFiles/zephyr_pre0.dir/misc/empty_file.c.obj

.note.gnu.build-id
 *(SORT_BY_ALIGNMENT(.note.gnu.build-id))

.hash
 *(SORT_BY_ALIGNMENT(.hash))

.gnu.hash
 *(SORT_BY_ALIGNMENT(.gnu.hash))

.dynsym
 *(SORT_BY_ALIGNMENT(.dynsym))

.dynstr
 *(SORT_BY_ALIGNMENT(.dynstr))

.gnu.version
 *(SORT_BY_ALIGNMENT(.gnu.version))

.gnu.version_d
 *(SORT_BY_ALIGNMENT(.gnu.version_d))

.gnu.version_r
 *(SORT_BY_ALIGNMENT(.gnu.version_r))

.rel.init
 *(SORT_BY_ALIGNMENT(.rel.init))

.rel.text
 *(SORT_BY_ALIGNMENT(.rel.text))

.rel.fini
 *(SORT_BY_ALIGNMENT(.rel.fini))

.rel.rodata
 *(SORT_BY_ALIGNMENT(.rel.rodata))

.rel.data.rel.ro
 *(SORT_BY_ALIGNMENT(.rel.data.rel.ro))

.rel.data
 *(SORT_BY_ALIGNMENT(.rel.data))

.rel.tdata
 *(SORT_BY_ALIGNMENT(.rel.tdata))

.rel.tbss
 *(SORT_BY_ALIGNMENT(.rel.tbss))

.rel.ctors
 *(SORT_BY_ALIGNMENT(.rel.ctors))

.rel.dtors
 *(SORT_BY_ALIGNMENT(.rel.dtors))

.rel.got
 *(SORT_BY_ALIGNMENT(.rel.got))

.rel.bss
 *(SORT_BY_ALIGNMENT(.rel.bss))

.rel.ifunc
 *(SORT_BY_ALIGNMENT(.rel.ifunc))

.rel.plt
 *(SORT_BY_ALIGNMENT(.rel.plt))

.init
 *(SORT_NONE(.init))

.plt
 *(SORT_BY_ALIGNMENT(.plt))

.plt.got
 *(SORT_BY_ALIGNMENT(.plt.got))

.plt.sec
 *(SORT_BY_ALIGNMENT(.plt.sec))

.text           0x0000000000000000      0x2f7
 *(SORT_BY_ALIGNMENT(.text) SORT_BY_ALIGNMENT(.stub))
 .text          0x0000000000000000      0x10a /usr/lib/gcc/x86_64-linux-gnu/9/32/libgcc.a(_udivdi3.o)
                0x0000000000000000                __udivdi3
 *fill*         0x000000000000010a        0x6 
 .text          0x0000000000000110      0x1e7 /usr/lib/gcc/x86_64-linux-gnu/9/32/libgcc.a(_udivmoddi4.o)
                0x0000000000000110                __udivmoddi4
 *(SORT_BY_ALIGNMENT(.gnu.warning))

.text._OffsetAbsSyms
                0x0000000000000000        0x5
 .text._OffsetAbsSyms
                0x0000000000000000        0x5 zephyr/CMakeFiles/offsets.dir/./arch/posix/core/offsets/offsets.c.obj
                0x0000000000000000                _OffsetAbsSyms

.text.z_log_msg_runtime_create.constprop.0
                0x0000000000000000       0x94
 .text.z_log_msg_runtime_create.constprop.0
                0x0000000000000000       0x26 app/libapp.a(main.c.obj)
 .text.z_log_msg_runtime_create.constprop.0
                0x0000000000000026       0x26 app/libapp.a(logger.c.obj)
 .text.z_log_msg_runtime_create.constprop.0
                0x000000000000004c       0x24 zephyr/libzephyr.a(log_msg.c.obj)
 .text.z_log_msg_runtime_create.constprop.0
                0x0000000000000070       0x24 zephyr/kernel/libkernel.a(fatal.c.obj)

.text.main      0x0000000000000000       0x98
 .text.main     0x0000000000000000       0x98 app/libapp.a(main.c.obj)
                0x0000000000000000                main

.text.sensor_thread
                0x0000000000000000       0x7a
 .text.sensor_thread
                0x0000000000000000       0x7a app/libapp.a(sensor.c.obj)
                0x0000000000000000                sensor_thread

.text.logger_thread
                0x0000000000000000       0x50
 .text.logger_thread
                0x0000000000000000       0x50 app/libapp.a(logger.c.obj)
                0x0000000000000000                logger_thread

.text.chunk_size
                0x0000000000000000        0x8
 .text.chunk_size
                0x0000000000000000        0x8 zephyr/libzephyr.a(heap.c.obj)

.text.set_chunk_used
                0x0000000000000000       0x20
 .text.set_chunk_used
                0x0000000000000000       0x20 zephyr/libzephyr.a(heap.c.obj)

.text.free_list_add
                0x0000000000000000       0x7d
 .text.free_list_add
                0x0000000000000000       0x7d zephyr/libzephyr.a(heap.c.obj)

.text.sys_heap_init
                0x0000000000000000       0xb2
 .text.sys_heap_init
                0x0000000000000000       0xb2 zephyr/libzephyr.a(heap.c.obj)
                0x0000000000000000                sys_heap_init

.text.boot_banner
                0x0000000000000000       0x1b
 .text.boot_banner
                0x0000000000000000       0x1b zephyr/libzephyr.a(boot_banner.c.obj)

.text.cbvprintf_package
                0x0000000000000000      0x40e
 .text.cbvprintf_package
                0x0000000000000000      0x40e zephyr/libzephyr.a(cbprintf_packaged.c.obj)
                0x0000000000000000                cbvprintf_package

.text.cbpprintf_external
                0x0000000000000000       0x92
 .text.cbpprintf_external
                0x0000000000000000       0x92 zephyr/libzephyr.a(cbprintf_packaged.c.obj)
                0x0000000000000000                cbpprintf_external

.text.arch_printk_char_out
                0x0000000000000000        0x7
 .text.arch_printk_char_out
                0x0000000000000000        0x7 zephyr/libzephyr.a(printk.c.obj)
                0x0000000000000000                arch_printk_char_out

.text.__printk_hook_install
                0x0000000000000000       0x11
 .text.__printk_hook_install
                0x0000000000000000       0x11 zephyr/libzephyr.a(printk.c.obj)
                0x0000000000000000                __printk_hook_install

.text.vprintk   0x0000000000000000        0x9
 .text.vprintk  0x0000000000000000        0x9 zephyr/libzephyr.a(printk.c.obj)
                0x0000000000000000                vprintk

.text.printk    0x0000000000000000       0x1b
 .text.printk   0x0000000000000000       0x1b zephyr/libzephyr.a(printk.c.obj)
                0x0000000000000000                printk

.text.outs      0x0000000000000000       0x4b
 .text.outs     0x0000000000000000       0x4b zephyr/libzephyr.a(cbprintf_complete.c.obj)

.text.extract_decimal
                0x0000000000000000       0x37
 .text.extract_decimal
                0x0000000000000000       0x37 zephyr/libzephyr.a(cbprintf_complete.c.obj)

.text.encode_uint
                0x0000000000000000       0xf9
 .text.encode_uint
                0x0000000000000000       0xf9 zephyr/libzephyr.a(cbprintf_complete.c.obj)

.text.z_cbvprintf_impl
                0x0000000000000000      0x833
 .text.z_cbvprintf_impl
                0x0000000000000000      0x833 zephyr/libzephyr.a(cbprintf_complete.c.obj)
                0x0000000000000000                z_cbvprintf_impl

.text.assert_print
                0x0000000000000000       0x1b
 .text.assert_print
                0x0000000000000000       0x1b zephyr/libzephyr.a(assert.c.obj)
                0x0000000000000000                assert_print

.text._ConfigAbsSyms
                0x0000000000000000        0x5
 .text._ConfigAbsSyms
                0x0000000000000000        0x5 zephyr/libzephyr.a(configs.c.obj)
                0x0000000000000000                _ConfigAbsSyms

.text.dummy_timestamp
                0x0000000000000000        0x7
 .text.dummy_timestamp
                0x0000000000000000        0x7 zephyr/libzephyr.a(log_core.c.obj)

.text.default_get_timestamp
                0x0000000000000000        0x9
 .text.default_get_timestamp
                0x0000000000000000        0x9 zephyr/libzephyr.a(log_core.c.obj)

.text.z_log_init
                0x0000000000000000      0x129
 .text.z_log_init
                0x0000000000000000      0x129 zephyr/libzephyr.a(log_core.c.obj)

.text.enable_logger
                0x0000000000000000       0x17
 .text.enable_logger
                0x0000000000000000       0x17 zephyr/libzephyr.a(log_core.c.obj)

.text.log_format_func_t_get
                0x0000000000000000       0x13
 .text.log_format_func_t_get
                0x0000000000000000       0x13 zephyr/libzephyr.a(log_core.c.obj)
                0x0000000000000000                log_format_func_t_get

.text.z_log_vprintk
                0x0000000000000000       0x26
 .text.z_log_vprintk
                0x0000000000000000       0x26 zephyr/libzephyr.a(log_core.c.obj)
                0x0000000000000000                z_log_vprintk

.text.log_set_timestamp_func
                0x0000000000000000       0x2e
 .text.log_set_timestamp_func
                0x0000000000000000       0x2e zephyr/libzephyr.a(log_core.c.obj)
                0x0000000000000000                log_set_timestamp_func

.text.log_core_init
                0x0000000000000000       0x5c
 .text.log_core_init
                0x0000000000000000       0x5c zephyr/libzephyr.a(log_core.c.obj)
                0x0000000000000000                log_core_init

.text.z_impl_log_panic
                0x0000000000000000       0x56
 .text.z_impl_log_panic
                0x0000000000000000       0x56 zephyr/libzephyr.a(log_core.c.obj)
                0x0000000000000000                z_impl_log_panic

.text.z_log_notify_backend_enabled
                0x0000000000000000        0x5
 .text.z_log_notify_backend_enabled
                0x0000000000000000        0x5 zephyr/libzephyr.a(log_core.c.obj)
                0x0000000000000000                z_log_notify_backend_enabled

.text.z_log_dropped
                0x0000000000000000       0x1e
 .text.z_log_dropped
                0x0000000000000000       0x1e zephyr/libzephyr.a(log_core.c.obj)
                0x0000000000000000                z_log_dropped

.text.z_log_msg_commit
                0x0000000000000000       0x47
 .text.z_log_msg_commit
                0x0000000000000000       0x47 zephyr/libzephyr.a(log_core.c.obj)
                0x0000000000000000                z_log_msg_commit

.text.z_log_get_tag
                0x0000000000000000        0x7
 .text.z_log_get_tag
                0x0000000000000000        0x7 zephyr/libzephyr.a(log_core.c.obj)
                0x0000000000000000                z_log_get_tag

.text.log_source_name_get
                0x0000000000000000       0x28
 .text.log_source_name_get
                0x0000000000000000       0x28 zephyr/libzephyr.a(log_mgmt.c.obj)
                0x0000000000000000                log_source_name_get

.text.log_backend_enable
                0x0000000000000000       0x28
 .text.log_backend_enable
                0x0000000000000000       0x28 zephyr/libzephyr.a(log_mgmt.c.obj)
                0x0000000000000000                log_backend_enable

.text.z_log_msg_finalize
                0x0000000000000000       0x5e
 .text.z_log_msg_finalize
                0x0000000000000000       0x5e zephyr/libzephyr.a(log_msg.c.obj)
                0x0000000000000000                z_log_msg_finalize

.text.z_log_msg_runtime_vcreate
                0x0000000000000000      0x131
 .text.z_log_msg_runtime_vcreate
                0x0000000000000000      0x131 zephyr/libzephyr.a(log_msg.c.obj)
                0x0000000000000000                z_log_msg_runtime_vcreate

.text.log_msg_get_source_id
                0x0000000000000000       0x25
 .text.log_msg_get_source_id
                0x0000000000000000       0x25 zephyr/libzephyr.a(log_msg.c.obj)
                0x0000000000000000                log_msg_get_source_id

.text.log_output_write
                0x0000000000000000       0x2c
 .text.log_output_write
                0x0000000000000000       0x2c zephyr/libzephyr.a(log_output.c.obj)

.text.out_func  0x0000000000000000       0x45
 .text.out_func
                0x0000000000000000       0x45 zephyr/libzephyr.a(log_output.c.obj)

.text.cr_out_func
                0x0000000000000000       0x36
 .text.cr_out_func
                0x0000000000000000       0x36 zephyr/libzephyr.a(log_output.c.obj)

.text.cbvprintf
                0x0000000000000000       0x22
 .text.cbvprintf
                0x0000000000000000       0x22 zephyr/libzephyr.a(log_output.c.obj)

.text.print_formatted
                0x0000000000000000       0x1f
 .text.print_formatted
                0x0000000000000000       0x1f zephyr/libzephyr.a(log_output.c.obj)

.text.log_output_process
                0x0000000000000000      0x363
 .text.log_output_process
                0x0000000000000000      0x363 zephyr/libzephyr.a(log_output.c.obj)
                0x0000000000000000                log_output_process

.text.log_output_msg_process
                0x0000000000000000       0x9a
 .text.log_output_msg_process
                0x0000000000000000       0x9a zephyr/libzephyr.a(log_output.c.obj)
                0x0000000000000000                log_output_msg_process

.text.log_output_timestamp_freq_set
                0x0000000000000000       0x3b
 .text.log_output_timestamp_freq_set
                0x0000000000000000       0x3b zephyr/libzephyr.a(log_output.c.obj)
                0x0000000000000000                log_output_timestamp_freq_set

.text.format_set
                0x0000000000000000       0x13
 .text.format_set
                0x0000000000000000       0x13 zephyr/libzephyr.a(log_backend_native_posix.c.obj)

.text.char_out  0x0000000000000000       0x7d
 .text.char_out
                0x0000000000000000       0x7d zephyr/libzephyr.a(log_backend_native_posix.c.obj)

.text.process   0x0000000000000000       0x29
 .text.process  0x0000000000000000       0x29 zephyr/libzephyr.a(log_backend_native_posix.c.obj)

.text.panic     0x0000000000000000       0x46
 .text.panic    0x0000000000000000       0x46 zephyr/libzephyr.a(log_backend_native_posix.c.obj)

.text.sys_trace_isr_enter
                0x0000000000000000        0x5
 .text.sys_trace_isr_enter
                0x0000000000000000        0x5 zephyr/libzephyr.a(tracing_none.c.obj)
                0x0000000000000000                sys_trace_isr_enter

.text.sys_trace_isr_exit
                0x0000000000000000        0x5
 .text.sys_trace_isr_exit
                0x0000000000000000        0x5 zephyr/libzephyr.a(tracing_none.c.obj)
                0x0000000000000000                sys_trace_isr_exit

.text.z_thread_entry
                0x0000000000000000       0x3e
 .text.z_thread_entry
                0x0000000000000000       0x3e zephyr/libzephyr.a(thread_entry.c.obj)
                0x0000000000000000                z_thread_entry

.text.arch_cpu_idle
                0x0000000000000000       0x15
 .text.arch_cpu_idle
                0x0000000000000000       0x15 zephyr/arch/arch/posix/core/libarch__posix__core.a(cpuhalt.c.obj)
                0x0000000000000000                arch_cpu_idle

.text.arch_system_halt
                0x0000000000000000       0x2b
 .text.arch_system_halt
                0x0000000000000000       0x2b zephyr/arch/arch/posix/core/libarch__posix__core.a(fatal.c.obj)
                0x0000000000000000                arch_system_halt

.text.arch_irq_enable
                0x0000000000000000        0x9
 .text.arch_irq_enable
                0x0000000000000000        0x9 zephyr/arch/arch/posix/core/libarch__posix__core.a(irq.c.obj)
                0x0000000000000000                arch_irq_enable

.text.arch_swap
                0x0000000000000000       0x54
 .text.arch_swap
                0x0000000000000000       0x54 zephyr/arch/arch/posix/core/libarch__posix__core.a(swap.c.obj)
                0x0000000000000000                arch_swap

.text.arch_switch_to_main_thread
                0x0000000000000000       0x20
 .text.arch_switch_to_main_thread
                0x0000000000000000       0x20 zephyr/arch/arch/posix/core/libarch__posix__core.a(swap.c.obj)
                0x0000000000000000                arch_switch_to_main_thread

.text.arch_new_thread
                0x0000000000000000       0x47
 .text.arch_new_thread
                0x0000000000000000       0x47 zephyr/arch/arch/posix/core/libarch__posix__core.a(thread.c.obj)
                0x0000000000000000                arch_new_thread

.text.posix_arch_thread_entry
                0x0000000000000000       0x21
 .text.posix_arch_thread_entry
                0x0000000000000000       0x21 zephyr/arch/arch/posix/core/libarch__posix__core.a(thread.c.obj)
                0x0000000000000000                posix_arch_thread_entry

.text.arch_coprocessors_disable
                0x0000000000000000        0xa
 .text.arch_coprocessors_disable
                0x0000000000000000        0xa zephyr/arch/arch/posix/core/libarch__posix__core.a(thread.c.obj)
                0x0000000000000000                arch_coprocessors_disable

.text.z_impl_k_thread_abort
                0x0000000000000000       0x88
 .text.z_impl_k_thread_abort
                0x0000000000000000       0x88 zephyr/arch/arch/posix/core/libarch__posix__core.a(thread.c.obj)
                0x0000000000000000                z_impl_k_thread_abort

.text.posix_arch_init
                0x0000000000000000       0x1e
 .text.posix_arch_init
                0x0000000000000000       0x1e zephyr/arch/arch/posix/core/libarch__posix__core.a(posix_core_nsi.c.obj)
                0x0000000000000000                posix_arch_init

.text.posix_arch_clean_up
                0x0000000000000000       0x1a
 .text.posix_arch_clean_up
                0x0000000000000000       0x1a zephyr/arch/arch/posix/core/libarch__posix__core.a(posix_core_nsi.c.obj)
                0x0000000000000000                posix_arch_clean_up

.text.posix_swap
                0x0000000000000000       0x1b
 .text.posix_swap
                0x0000000000000000       0x1b zephyr/arch/arch/posix/core/libarch__posix__core.a(posix_core_nsi.c.obj)
                0x0000000000000000                posix_swap

.text.posix_main_thread_start
                0x0000000000000000       0x1d
 .text.posix_main_thread_start
                0x0000000000000000       0x1d zephyr/arch/arch/posix/core/libarch__posix__core.a(posix_core_nsi.c.obj)
                0x0000000000000000                posix_main_thread_start

.text.posix_new_thread
                0x0000000000000000       0x1d
 .text.posix_new_thread
                0x0000000000000000       0x1d zephyr/arch/arch/posix/core/libarch__posix__core.a(posix_core_nsi.c.obj)
                0x0000000000000000                posix_new_thread

.text.posix_abort_thread
                0x0000000000000000       0x1d
 .text.posix_abort_thread
                0x0000000000000000       0x1d zephyr/arch/arch/posix/core/libarch__posix__core.a(posix_core_nsi.c.obj)
                0x0000000000000000                posix_abort_thread

.text.posix_is_cpu_running
                0x0000000000000000       0x1a
 .text.posix_is_cpu_running
                0x0000000000000000       0x1a zephyr/soc/soc/native/libsoc__native__inf_clock.a(soc.c.obj)
                0x0000000000000000                posix_is_cpu_running

.text.posix_interrupt_raised
                0x0000000000000000       0x1a
 .text.posix_interrupt_raised
                0x0000000000000000       0x1a zephyr/soc/soc/native/libsoc__native__inf_clock.a(soc.c.obj)
                0x0000000000000000                posix_interrupt_raised

.text.posix_halt_cpu
                0x0000000000000000       0x1e
 .text.posix_halt_cpu
                0x0000000000000000       0x1e zephyr/soc/soc/native/libsoc__native__inf_clock.a(soc.c.obj)
                0x0000000000000000                posix_halt_cpu

.text.posix_boot_cpu
                0x0000000000000000       0x30
 .text.posix_boot_cpu
                0x0000000000000000       0x30 zephyr/soc/soc/native/libsoc__native__inf_clock.a(soc.c.obj)
                0x0000000000000000                posix_boot_cpu

.text.posix_soc_clean_up
                0x0000000000000000       0x2c
 .text.posix_soc_clean_up
                0x0000000000000000       0x2c zephyr/soc/soc/native/libsoc__native__inf_clock.a(soc.c.obj)
                0x0000000000000000                posix_soc_clean_up

.text.run_native_tasks
                0x0000000000000000       0x2d
 .text.run_native_tasks
                0x0000000000000000       0x2d zephyr/soc/soc/native/libsoc__native__inf_clock.a(native_tasks.c.obj)
                0x0000000000000000                run_native_tasks

.text.posix_irq_handler
                0x0000000000000000      0x12a
 .text.posix_irq_handler
                0x0000000000000000      0x12a zephyr/boards/native/native_sim/libboards__native__native_sim.a(irq_handler.c.obj)
                0x0000000000000000                posix_irq_handler

.text.posix_irq_lock
                0x0000000000000000       0x16
 .text.posix_irq_lock
                0x0000000000000000       0x16 zephyr/boards/native/native_sim/libboards__native__native_sim.a(irq_handler.c.obj)
                0x0000000000000000                posix_irq_lock

.text.posix_irq_unlock
                0x0000000000000000        0x9
 .text.posix_irq_unlock
                0x0000000000000000        0x9 zephyr/boards/native/native_sim/libboards__native__native_sim.a(irq_handler.c.obj)
                0x0000000000000000                posix_irq_unlock

.text.posix_irq_full_unlock
                0x0000000000000000       0x16
 .text.posix_irq_full_unlock
                0x0000000000000000       0x16 zephyr/boards/native/native_sim/libboards__native__native_sim.a(irq_handler.c.obj)
                0x0000000000000000                posix_irq_full_unlock

.text.posix_irq_enable
                0x0000000000000000        0x9
 .text.posix_irq_enable
                0x0000000000000000        0x9 zephyr/boards/native/native_sim/libboards__native__native_sim.a(irq_handler.c.obj)
                0x0000000000000000                posix_irq_enable

.text.posix_isr_declare
                0x0000000000000000       0x50
 .text.posix_isr_declare
                0x0000000000000000       0x50 zephyr/boards/native/native_sim/libboards__native__native_sim.a(irq_handler.c.obj)
                0x0000000000000000                posix_isr_declare

.text.posix_irq_priority_set
                0x0000000000000000       0x25
 .text.posix_irq_priority_set
                0x0000000000000000       0x25 zephyr/boards/native/native_sim/libboards__native__native_sim.a(irq_handler.c.obj)
                0x0000000000000000                posix_irq_priority_set

.text.set_realtime_default
                0x0000000000000000       0x16
 .text.set_realtime_default
                0x0000000000000000       0x16 zephyr/boards/native/native_sim/libboards__native__native_sim.a(misc.c.obj)

.text.posix_print_error_and_exit
                0x0000000000000000       0x16
 .text.posix_print_error_and_exit
                0x0000000000000000       0x16 zephyr/boards/native/native_sim/libboards__native__native_sim.a(posix_arch_if.c.obj)
                0x0000000000000000                posix_print_error_and_exit

.text.posix_print_warning
                0x0000000000000000       0x1b
 .text.posix_print_warning
                0x0000000000000000       0x1b zephyr/boards/native/native_sim/libboards__native__native_sim.a(posix_arch_if.c.obj)
                0x0000000000000000                posix_print_warning

.text.posix_print_trace
                0x0000000000000000       0x1b
 .text.posix_print_trace
                0x0000000000000000       0x1b zephyr/boards/native/native_sim/libboards__native__native_sim.a(posix_arch_if.c.obj)
                0x0000000000000000                posix_print_trace

.text.posix_arch_console_init
                0x0000000000000000       0x1b
 .text.posix_arch_console_init
                0x0000000000000000       0x1b zephyr/drivers/console/libdrivers__console.a(posix_arch_console.c.obj)

.text.print_char
                0x0000000000000000       0x68
 .text.print_char
                0x0000000000000000       0x68 zephyr/drivers/console/libdrivers__console.a(posix_arch_console.c.obj)

.text.np_timer_isr
                0x0000000000000000       0xa0
 .text.np_timer_isr
                0x0000000000000000       0xa0 zephyr/drivers/timer/libdrivers__timer.a(native_sim_timer.c.obj)

.text.sys_clock_driver_init
                0x0000000000000000       0x6e
 .text.sys_clock_driver_init
                0x0000000000000000       0x6e zephyr/drivers/timer/libdrivers__timer.a(native_sim_timer.c.obj)

.text.sys_clock_cycle_get_32
                0x0000000000000000        0xa
 .text.sys_clock_cycle_get_32
                0x0000000000000000        0xa zephyr/drivers/timer/libdrivers__timer.a(native_sim_timer.c.obj)
                0x0000000000000000                sys_clock_cycle_get_32

.text.sys_clock_set_timeout
                0x0000000000000000       0x23
 .text.sys_clock_set_timeout
                0x0000000000000000       0x23 zephyr/drivers/timer/libdrivers__timer.a(native_sim_timer.c.obj)
                0x0000000000000000                sys_clock_set_timeout

.text.sys_clock_elapsed
                0x0000000000000000       0x43
 .text.sys_clock_elapsed
                0x0000000000000000       0x43 zephyr/drivers/timer/libdrivers__timer.a(native_sim_timer.c.obj)
                0x0000000000000000                sys_clock_elapsed

.text.k_sys_fatal_error_handler
                0x0000000000000000       0x34
 .text.k_sys_fatal_error_handler
                0x0000000000000000       0x34 zephyr/kernel/libkernel.a(fatal.c.obj)
                0x0000000000000000                k_sys_fatal_error_handler

.text.z_fatal_error
                0x0000000000000000       0xbb
 .text.z_fatal_error
                0x0000000000000000       0xbb zephyr/kernel/libkernel.a(fatal.c.obj)
                0x0000000000000000                z_fatal_error

.text.z_sys_init_run_level
                0x0000000000000000       0x40
 .text.z_sys_init_run_level
                0x0000000000000000       0x40 zephyr/kernel/libkernel.a(init.c.obj)

.text.bg_thread_main
                0x0000000000000000       0xfb
 .text.bg_thread_main
                0x0000000000000000       0xfb zephyr/kernel/libkernel.a(init.c.obj)

.text.z_init_cpu
                0x0000000000000000       0x69
 .text.z_init_cpu
                0x0000000000000000       0x69 zephyr/kernel/libkernel.a(init.c.obj)
                0x0000000000000000                z_init_cpu

.text.z_cstart  0x0000000000000000       0xd5
 .text.z_cstart
                0x0000000000000000       0xd5 zephyr/kernel/libkernel.a(init.c.obj)
                0x0000000000000000                z_cstart

.text.idle      0x0000000000000000       0x16
 .text.idle     0x0000000000000000       0x16 zephyr/kernel/libkernel.a(idle.c.obj)
                0x0000000000000000                idle

.text.unpend_thread_no_timeout
                0x0000000000000000       0x3b
 .text.unpend_thread_no_timeout
                0x0000000000000000       0x23 zephyr/kernel/libkernel.a(msg_q.c.obj)
 .text.unpend_thread_no_timeout
                0x0000000000000023       0x18 zephyr/kernel/libkernel.a(sched.c.obj)

.text.put_msg_in_queue
                0x0000000000000000      0x10a
 .text.put_msg_in_queue
                0x0000000000000000      0x10a zephyr/kernel/libkernel.a(msg_q.c.obj)

.text.z_impl_k_msgq_put
                0x0000000000000000       0x24
 .text.z_impl_k_msgq_put
                0x0000000000000000       0x24 zephyr/kernel/libkernel.a(msg_q.c.obj)
                0x0000000000000000                z_impl_k_msgq_put

.text.z_impl_k_msgq_get
                0x0000000000000000      0x111
 .text.z_impl_k_msgq_get
                0x0000000000000000      0x111 zephyr/kernel/libkernel.a(msg_q.c.obj)
                0x0000000000000000                z_impl_k_msgq_get

.text.k_thread_name_get
                0x0000000000000000        0x7
 .text.k_thread_name_get
                0x0000000000000000        0x7 zephyr/kernel/libkernel.a(thread.c.obj)
                0x0000000000000000                k_thread_name_get

.text.z_setup_new_thread
                0x0000000000000000       0x94
 .text.z_setup_new_thread
                0x0000000000000000       0x94 zephyr/kernel/libkernel.a(thread.c.obj)
                0x0000000000000000                z_setup_new_thread

.text.z_dummy_thread_init
                0x0000000000000000       0x22
 .text.z_dummy_thread_init
                0x0000000000000000       0x22 zephyr/kernel/libkernel.a(thread.c.obj)
                0x0000000000000000                z_dummy_thread_init

.text.z_impl_k_wakeup
                0x0000000000000000       0x56
 .text.z_impl_k_wakeup
                0x0000000000000000       0x56 zephyr/kernel/libkernel.a(thread.c.obj)
                0x0000000000000000                z_impl_k_wakeup

.text.z_impl_k_thread_create
                0x0000000000000000       0x73
 .text.z_impl_k_thread_create
                0x0000000000000000       0x73 zephyr/kernel/libkernel.a(thread.c.obj)
                0x0000000000000000                z_impl_k_thread_create

.text.z_thread_abort
                0x0000000000000000       0x65
 .text.z_thread_abort
                0x0000000000000000       0x65 zephyr/kernel/libkernel.a(thread.c.obj)
                0x0000000000000000                z_thread_abort

.text.z_impl_k_yield
                0x0000000000000000        0x9
 .text.z_impl_k_yield
                0x0000000000000000        0x9 zephyr/kernel/libkernel.a(thread.c.obj)
                0x0000000000000000                z_impl_k_yield

.text.sys_dlist_remove
                0x0000000000000000       0x18
 .text.sys_dlist_remove
                0x0000000000000000       0x18 zephyr/kernel/libkernel.a(sched.c.obj)

.text.unready_thread
                0x0000000000000000       0x69
 .text.unready_thread
                0x0000000000000000       0x69 zephyr/kernel/libkernel.a(sched.c.obj)

.text.reschedule.isra.0
                0x0000000000000000       0x38
 .text.reschedule.isra.0
                0x0000000000000000       0x38 zephyr/kernel/libkernel.a(sched.c.obj)

.text.add_to_waitq_locked
                0x0000000000000000       0x60
 .text.add_to_waitq_locked
                0x0000000000000000       0x60 zephyr/kernel/libkernel.a(sched.c.obj)

.text.ready_thread
                0x0000000000000000       0xc7
 .text.ready_thread
                0x0000000000000000       0xc7 zephyr/kernel/libkernel.a(sched.c.obj)

.text.move_current_to_end_of_prio_q
                0x0000000000000000       0xaa
 .text.move_current_to_end_of_prio_q
                0x0000000000000000       0xaa zephyr/kernel/libkernel.a(sched.c.obj)
                0x0000000000000000                move_current_to_end_of_prio_q

.text.z_ready_thread
                0x0000000000000000       0x25
 .text.z_ready_thread
                0x0000000000000000       0x25 zephyr/kernel/libkernel.a(sched.c.obj)
                0x0000000000000000                z_ready_thread

.text.z_sched_ready_locked
                0x0000000000000000       0x10
 .text.z_sched_ready_locked
                0x0000000000000000       0x10 zephyr/kernel/libkernel.a(sched.c.obj)
                0x0000000000000000                z_sched_ready_locked

.text.z_sched_unready_locked
                0x0000000000000000       0x10
 .text.z_sched_unready_locked
                0x0000000000000000       0x10 zephyr/kernel/libkernel.a(sched.c.obj)
                0x0000000000000000                z_sched_unready_locked

.text.z_thread_halt
                0x0000000000000000      0x170
 .text.z_thread_halt
                0x0000000000000000      0x170 zephyr/kernel/libkernel.a(sched.c.obj)
                0x0000000000000000                z_thread_halt

.text.z_sched_lock_reschedule
                0x0000000000000000       0x60
 .text.z_sched_lock_reschedule
                0x0000000000000000       0x60 zephyr/kernel/libkernel.a(sched.c.obj)
                0x0000000000000000                z_sched_lock_reschedule

.text.z_sched_yield
                0x0000000000000000       0xc1
 .text.z_sched_yield
                0x0000000000000000       0xc1 zephyr/kernel/libkernel.a(sched.c.obj)
                0x0000000000000000                z_sched_yield

.text.z_sched_wake_thread_locked
                0x0000000000000000       0x2a
 .text.z_sched_wake_thread_locked
                0x0000000000000000       0x2a zephyr/kernel/libkernel.a(sched.c.obj)
                0x0000000000000000                z_sched_wake_thread_locked

.text.z_thread_timeout
                0x0000000000000000       0x40
 .text.z_thread_timeout
                0x0000000000000000       0x40 zephyr/kernel/libkernel.a(sched.c.obj)
                0x0000000000000000                z_thread_timeout

.text.z_pend_curr
                0x0000000000000000       0x63
 .text.z_pend_curr
                0x0000000000000000       0x63 zephyr/kernel/libkernel.a(sched.c.obj)
                0x0000000000000000                z_pend_curr

.text.z_reschedule
                0x0000000000000000       0x10
 .text.z_reschedule
                0x0000000000000000       0x10 zephyr/kernel/libkernel.a(sched.c.obj)
                0x0000000000000000                z_reschedule

.text.z_reschedule_irqlock
                0x0000000000000000       0x38
 .text.z_reschedule_irqlock
                0x0000000000000000       0x38 zephyr/kernel/libkernel.a(sched.c.obj)
                0x0000000000000000                z_reschedule_irqlock

.text.z_tick_sleep
                0x0000000000000000       0x78
 .text.z_tick_sleep
                0x0000000000000000       0x78 zephyr/kernel/libkernel.a(sleep.c.obj)

.text.z_impl_k_sleep
                0x0000000000000000       0x44
 .text.z_impl_k_sleep
                0x0000000000000000       0x44 zephyr/kernel/libkernel.a(sleep.c.obj)
                0x0000000000000000                z_impl_k_sleep

.text.z_sched_init
                0x0000000000000000       0x19
 .text.z_sched_init
                0x0000000000000000       0x19 zephyr/kernel/libkernel.a(scheduler.c.obj)
                0x0000000000000000                z_sched_init

.text.k_sched_lock
                0x0000000000000000       0x26
 .text.k_sched_lock
                0x0000000000000000       0x26 zephyr/kernel/libkernel.a(scheduler.c.obj)
                0x0000000000000000                k_sched_lock

.text.k_sched_unlock
                0x0000000000000000       0x26
 .text.k_sched_unlock
                0x0000000000000000       0x26 zephyr/kernel/libkernel.a(scheduler.c.obj)
                0x0000000000000000                k_sched_unlock

.text.z_impl_k_sched_current_thread_query
                0x0000000000000000        0xa
 .text.z_impl_k_sched_current_thread_query
                0x0000000000000000        0xa zephyr/kernel/libkernel.a(scheduler.c.obj)
                0x0000000000000000                z_impl_k_sched_current_thread_query

.text.z_time_slice_size
                0x0000000000000000       0x35
 .text.z_time_slice_size
                0x0000000000000000       0x35 zephyr/kernel/libkernel.a(timeslicing.c.obj)

.text.slice_timeout
                0x0000000000000000       0x21
 .text.slice_timeout
                0x0000000000000000       0x21 zephyr/kernel/libkernel.a(timeslicing.c.obj)

.text.slice_reset
                0x0000000000000000       0x54
 .text.slice_reset
                0x0000000000000000       0x54 zephyr/kernel/libkernel.a(timeslicing.c.obj)

.text.z_time_slice_reset
                0x0000000000000000       0x18
 .text.z_time_slice_reset
                0x0000000000000000       0x18 zephyr/kernel/libkernel.a(timeslicing.c.obj)
                0x0000000000000000                z_time_slice_reset

.text.z_time_slice
                0x0000000000000000       0x65
 .text.z_time_slice
                0x0000000000000000       0x65 zephyr/kernel/libkernel.a(timeslicing.c.obj)
                0x0000000000000000                z_time_slice

.text.z_timeout_q_first
                0x0000000000000000        0xf
 .text.z_timeout_q_first
                0x0000000000000000        0xf zephyr/kernel/libkernel.a(timeout.c.obj)

.text.next_timeout
                0x0000000000000000       0x5b
 .text.next_timeout
                0x0000000000000000       0x5b zephyr/kernel/libkernel.a(timeout.c.obj)

.text.elapsed   0x0000000000000000       0x11
 .text.elapsed  0x0000000000000000       0x11 zephyr/kernel/libkernel.a(timeout.c.obj)

.text.z_add_timeout
                0x0000000000000000      0x1e0
 .text.z_add_timeout
                0x0000000000000000      0x1e0 zephyr/kernel/libkernel.a(timeout.c.obj)
                0x0000000000000000                z_add_timeout

.text.z_try_abort_timeout
                0x0000000000000000       0xa2
 .text.z_try_abort_timeout
                0x0000000000000000       0xa2 zephyr/kernel/libkernel.a(timeout.c.obj)
                0x0000000000000000                z_try_abort_timeout

.text.z_timeout_inflight_superseded
                0x0000000000000000       0x34
 .text.z_timeout_inflight_superseded
                0x0000000000000000       0x34 zephyr/kernel/libkernel.a(timeout.c.obj)
                0x0000000000000000                z_timeout_inflight_superseded

.text.sys_clock_announce_locked
                0x0000000000000000      0x13e
 .text.sys_clock_announce_locked
                0x0000000000000000      0x13e zephyr/kernel/libkernel.a(timeout.c.obj)
                0x0000000000000000                sys_clock_announce_locked

.text.sys_clock_tick_get
                0x0000000000000000       0x42
 .text.sys_clock_tick_get
                0x0000000000000000       0x42 zephyr/kernel/libkernel.a(timeout.c.obj)
                0x0000000000000000                sys_clock_tick_get

.text.sys_clock_tick_get_32
                0x0000000000000000       0x11
 .text.sys_clock_tick_get_32
                0x0000000000000000       0x11 zephyr/kernel/libkernel.a(timeout.c.obj)
                0x0000000000000000                sys_clock_tick_get_32

.text.do_device_init
                0x0000000000000000       0x49
 .text.do_device_init
                0x0000000000000000       0x49 zephyr/kernel/libkernel.a(device.c.obj)
                0x0000000000000000                do_device_init

.text.k_heap_init
                0x0000000000000000       0x19
 .text.k_heap_init
                0x0000000000000000       0x19 zephyr/kernel/libkernel.a(kheap.c.obj)
                0x0000000000000000                k_heap_init

.text.statics_init
                0x0000000000000000       0x32
 .text.statics_init
                0x0000000000000000       0x32 zephyr/kernel/libkernel.a(kheap.c.obj)

.native_sim_if  0x0000000000000032       0xa7
 *(SORT_BY_ALIGNMENT(.native_sim_if))
 .native_sim_if
                0x0000000000000032       0x70 zephyr/boards/native/native_sim/libboards__native__native_sim.a(nsi_if.c.obj)
                0x0000000000000032                nsif_cpu0_pre_cmdline_hooks
                0x0000000000000048                nsif_cpu0_pre_hw_init_hooks
                0x000000000000005e                nsif_cpu0_boot
                0x0000000000000086                nsif_cpu0_cleanup
                0x0000000000000099                nsif_cpu0_irq_raised
 .native_sim_if
                0x00000000000000a2       0x37 zephyr/boards/native/native_sim/libboards__native__native_sim.a(irq_handler.c.obj)
                0x00000000000000a2                nsif_cpu0_irq_raised_from_sw
 *(SORT_BY_ALIGNMENT(.native_sim_if.*))

.fini
 *(SORT_NONE(.fini))

.rodata
 *(SORT_BY_ALIGNMENT(.rodata))

.rodata.z_log_msg_runtime_create.constprop.0.str1.1
                0x0000000000000000       0x4c
 .rodata.z_log_msg_runtime_create.constprop.0.str1.1
                0x0000000000000000       0x1e app/libapp.a(main.c.obj)
 .rodata.z_log_msg_runtime_create.constprop.0.str1.1
                0x000000000000001e       0x2e app/libapp.a(logger.c.obj)

.rodata.str1.1  0x0000000000000000      0x100
 .rodata.str1.1
                0x0000000000000000       0x14 app/libapp.a(main.c.obj)
 .rodata.str1.1
                0x0000000000000014        0x8 zephyr/libzephyr.a(heap.c.obj)
 .rodata.str1.1
                0x000000000000001c       0x11 zephyr/libzephyr.a(cbprintf_packaged.c.obj)
 .rodata.str1.1
                0x000000000000002d        0xb zephyr/libzephyr.a(getopt.c.obj)
 .rodata.str1.1
                0x0000000000000038        0x4 zephyr/libzephyr.a(log_core.c.obj)
 .rodata.str1.1
                0x000000000000003c        0x9 zephyr/libzephyr.a(log_mgmt.c.obj)
 .rodata.str1.1
                0x0000000000000045       0x20 zephyr/libzephyr.a(log_output.c.obj)
 .rodata.str1.1
                0x0000000000000065       0x19 zephyr/libzephyr.a(log_backend_native_posix.c.obj)
 .rodata.str1.1
                0x000000000000007e       0x35 zephyr/boards/native/native_sim/libboards__native__native_sim.a(irq_handler.c.obj)
 .rodata.str1.1
                0x00000000000000b3       0x4a zephyr/kernel/libkernel.a(fatal.c.obj)
 .rodata.str1.1
                0x00000000000000fd        0x3 zephyr/kernel/libkernel.a(init.c.obj)

.rodata.boot_banner.str1.1
                0x0000000000000000       0x3b
 .rodata.boot_banner.str1.1
                0x0000000000000000       0x3b zephyr/libzephyr.a(boot_banner.c.obj)

.rodata.cbvprintf_package
                0x0000000000000000      0x16c
 .rodata.cbvprintf_package
                0x0000000000000000      0x16c zephyr/libzephyr.a(cbprintf_packaged.c.obj)

.rodata.z_cbvprintf_impl.str1.1
                0x0000000000000000        0x6
 .rodata.z_cbvprintf_impl.str1.1
                0x0000000000000000        0x6 zephyr/libzephyr.a(cbprintf_complete.c.obj)

.rodata.z_cbvprintf_impl
                0x0000000000000000       0xfc
 .rodata.z_cbvprintf_impl
                0x0000000000000000       0xfc zephyr/libzephyr.a(cbprintf_complete.c.obj)

.rodata.cst16   0x0000000000000000       0x40
 .rodata.cst16  0x0000000000000000       0x20 zephyr/libzephyr.a(cbprintf_complete.c.obj)
 .rodata.cst16  0x0000000000000020       0x20 zephyr/kernel/libkernel.a(timeout.c.obj)

.rodata.format_table
                0x0000000000000000       0x10
 .rodata.format_table
                0x0000000000000000       0x10 zephyr/libzephyr.a(log_core.c.obj)

.rodata.z_log_msg_runtime_vcreate.str1.1
                0x0000000000000000       0x38
 .rodata.z_log_msg_runtime_vcreate.str1.1
                0x0000000000000000       0x38 zephyr/libzephyr.a(log_msg.c.obj)

.rodata.log_output_process.str1.1
                0x0000000000000000       0x5a
 .rodata.log_output_process.str1.1
                0x0000000000000000       0x5a zephyr/libzephyr.a(log_output.c.obj)

.rodata.func_on_lut
                0x0000000000000000        0x5
 .rodata.func_on_lut
                0x0000000000000000        0x5 zephyr/libzephyr.a(log_output.c.obj)

.rodata.colors  0x0000000000000000       0x14
 .rodata.colors
                0x0000000000000000       0x14 zephyr/libzephyr.a(log_output.c.obj)

.rodata.severity
                0x0000000000000000       0x14
 .rodata.severity
                0x0000000000000000       0x14 zephyr/libzephyr.a(log_output.c.obj)

.rodata.char_out.str1.1
                0x0000000000000000        0x3
 .rodata.char_out.str1.1
                0x0000000000000000        0x3 zephyr/libzephyr.a(log_backend_native_posix.c.obj)

.rodata.log_backend_native_posix_api
                0x0000000000000000       0x1c
 .rodata.log_backend_native_posix_api
                0x0000000000000000       0x1c zephyr/libzephyr.a(log_backend_native_posix.c.obj)
                0x0000000000000000                log_backend_native_posix_api

.rodata.log_output_posix
                0x0000000000000000       0x10
 .rodata.log_output_posix
                0x0000000000000000       0x10 zephyr/libzephyr.a(log_backend_native_posix.c.obj)

.rodata.z_thread_entry.str1.1
                0x0000000000000000       0x52
 .rodata.z_thread_entry.str1.1
                0x0000000000000000       0x52 zephyr/libzephyr.a(thread_entry.c.obj)

.rodata.arch_system_halt.str1.1
                0x0000000000000000       0x6c
 .rodata.arch_system_halt.str1.1
                0x0000000000000000       0x6c zephyr/arch/arch/posix/core/libarch__posix__core.a(fatal.c.obj)

.rodata.z_impl_k_thread_abort.str1.1
                0x0000000000000000       0x77
 .rodata.z_impl_k_thread_abort.str1.1
                0x0000000000000000       0x77 zephyr/arch/arch/posix/core/libarch__posix__core.a(thread.c.obj)

.rodata.native_pre_tasks.1669
                0x0000000000000000       0x18
 .rodata.native_pre_tasks.1669
                0x0000000000000000       0x18 zephyr/soc/soc/native/libsoc__native__inf_clock.a(native_tasks.c.obj)

.rodata.posix_irq_handler.str1.1
                0x0000000000000000       0x2e
 .rodata.posix_irq_handler.str1.1
                0x0000000000000000       0x2e zephyr/boards/native/native_sim/libboards__native__native_sim.a(irq_handler.c.obj)

.rodata.posix_isr_declare.str1.1
                0x0000000000000000       0x32
 .rodata.posix_isr_declare.str1.1
                0x0000000000000000       0x32 zephyr/boards/native/native_sim/libboards__native__native_sim.a(irq_handler.c.obj)

.rodata.__func__.6497
                0x0000000000000000       0x1d
 .rodata.__func__.6497
                0x0000000000000000       0x1d zephyr/boards/native/native_sim/libboards__native__native_sim.a(irq_handler.c.obj)

.rodata.print_char.str1.1
                0x0000000000000000        0x3
 .rodata.print_char.str1.1
                0x0000000000000000        0x3 zephyr/drivers/console/libdrivers__console.a(posix_arch_console.c.obj)

.rodata.k_sys_fatal_error_handler.str1.1
                0x0000000000000000       0x10
 .rodata.k_sys_fatal_error_handler.str1.1
                0x0000000000000000       0x10 zephyr/kernel/libkernel.a(fatal.c.obj)

.rodata.z_fatal_error.str1.1
                0x0000000000000000       0x56
 .rodata.z_fatal_error.str1.1
                0x0000000000000000       0x56 zephyr/kernel/libkernel.a(fatal.c.obj)

.rodata.CSWTCH.9
                0x0000000000000000       0x14
 .rodata.CSWTCH.9
                0x0000000000000000       0x14 zephyr/kernel/libkernel.a(fatal.c.obj)

.rodata.z_cstart.str1.1
                0x0000000000000000       0x4b
 .rodata.z_cstart.str1.1
                0x0000000000000000       0x4b zephyr/kernel/libkernel.a(init.c.obj)

.rodata.levels.7205
                0x0000000000000000       0x18
 .rodata.levels.7205
                0x0000000000000000       0x18 zephyr/kernel/libkernel.a(init.c.obj)

.rodata.z_thread_abort.str1.1
                0x0000000000000000       0x2c
 .rodata.z_thread_abort.str1.1
                0x0000000000000000       0x2c zephyr/kernel/libkernel.a(thread.c.obj)

.rodata.z_thread_halt.str1.1
                0x0000000000000000       0x2b
 .rodata.z_thread_halt.str1.1
                0x0000000000000000       0x2b zephyr/kernel/libkernel.a(sched.c.obj)

.rodata1
 *(SORT_BY_ALIGNMENT(.rodata1))

.eh_frame_hdr
 *(SORT_BY_ALIGNMENT(.eh_frame_hdr))

.eh_frame       0x0000000000000000       0xf4
 *(SORT_BY_ALIGNMENT(.eh_frame))
 .eh_frame      0x0000000000000000        0x0 /usr/lib/gcc/x86_64-linux-gnu/9/32/libgcc.a(_popcountsi2.o)
                                         0x2c (size before relaxing)
 .eh_frame      0x0000000000000000        0x0 /usr/lib/gcc/x86_64-linux-gnu/9/32/libgcc.a(_divdi3.o)
                                         0x58 (size before relaxing)
 .eh_frame      0x0000000000000000       0x84 /usr/lib/gcc/x86_64-linux-gnu/9/32/libgcc.a(_udivdi3.o)
 .eh_frame      0x0000000000000084        0x0 /usr/lib/gcc/x86_64-linux-gnu/9/32/libgcc.a(_umoddi3.o)
                                         0x9c (size before relaxing)
 .eh_frame      0x0000000000000084       0x70 /usr/lib/gcc/x86_64-linux-gnu/9/32/libgcc.a(_udivmoddi4.o)

.gcc_except_table
 *(SORT_BY_ALIGNMENT(.gcc_except_table))

.gnu_extab
 *(SORT_BY_ALIGNMENT(.gnu_extab*))

.exception_ranges
 *(SORT_BY_ALIGNMENT(.exception_ranges))

.eh_frame
 *(SORT_BY_ALIGNMENT(.eh_frame))

.gnu_extab
 *(SORT_BY_ALIGNMENT(.gnu_extab))

.gcc_except_table
 *(SORT_BY_ALIGNMENT(.gcc_except_table))

.exception_ranges
 *(SORT_BY_ALIGNMENT(.exception_ranges))

.tdata
 *(SORT_BY_ALIGNMENT(.tdata))

.tbss
 *(SORT_BY_ALIGNMENT(.tbss))

.jcr
 *(SORT_BY_ALIGNMENT(.jcr))

.dynamic
 *(SORT_BY_ALIGNMENT(.dynamic))

.got
 *(SORT_BY_ALIGNMENT(.got))

.got.plt
 *(SORT_BY_ALIGNMENT(.got.plt))

.data
 *(SORT_BY_ALIGNMENT(.data))
LOAD zephyr/CMakeFiles/zephyr_pre0.dir/misc/empty_file.c.obj
LOAD zephyr/CMakeFiles/offsets.dir/./arch/posix/core/offsets/offsets.c.obj
LOAD app/libapp.a
LOAD zephyr/libzephyr.a
LOAD zephyr/arch/common/libarch__common.a
LOAD zephyr/arch/arch/posix/core/libarch__posix__core.a
LOAD zephyr/soc/soc/native/libsoc__native__inf_clock.a
LOAD zephyr/boards/native/native_sim/libboards__native__native_sim.a
LOAD zephyr/drivers/console/libdrivers__console.a
LOAD zephyr/drivers/timer/libdrivers__timer.a
LOAD zephyr/kernel/libkernel.a
LOAD /usr/lib/gcc/x86_64-linux-gnu/9/32/libgcc.a

.noinit.WEST_TOPDIR/projects/environment_monitor/src/main.c.1
                0x0000000000000000      0x400
 .noinit.WEST_TOPDIR/projects/environment_monitor/src/main.c.1
                0x0000000000000000      0x400 app/libapp.a(main.c.obj)
                0x0000000000000000                logger_stack

.noinit.WEST_TOPDIR/projects/environment_monitor/src/main.c.0
                0x0000000000000000      0x400
 .noinit.WEST_TOPDIR/projects/environment_monitor/src/main.c.0
                0x0000000000000000      0x400 app/libapp.a(main.c.obj)
                0x0000000000000000                sensor_stack

.noinit.WEST_TOPDIR/projects/environment_monitor/src/sensor.c.0
                0x0000000000000000       0x78
 .noinit.WEST_TOPDIR/projects/environment_monitor/src/sensor.c.0
                0x0000000000000000       0x78 app/libapp.a(sensor.c.obj)

.data._char_out
                0x0000000000000000        0x4
 .data._char_out
                0x0000000000000000        0x4 zephyr/libzephyr.a(printk.c.obj)

.data.process_lock_owner_cpu
                0x0000000000000000        0x4
 .data.process_lock_owner_cpu
                0x0000000000000000        0x4 zephyr/libzephyr.a(log_core.c.obj)

.data.timestamp_func
                0x0000000000000000        0x4
 .data.timestamp_func
                0x0000000000000000        0x4 zephyr/libzephyr.a(log_core.c.obj)

.data.currently_running_irq
                0x0000000000000000        0x4
 .data.currently_running_irq
                0x0000000000000000        0x4 zephyr/boards/native/native_sim/libboards__native__native_sim.a(irq_handler.c.obj)

.noinit.WEST_TOPDIR/zephyr/kernel/init.c.2
                0x0000000000000000      0x800
 .noinit.WEST_TOPDIR/zephyr/kernel/init.c.2
                0x0000000000000000      0x800 zephyr/kernel/libkernel.a(init.c.obj)
                0x0000000000000000                z_interrupt_stacks

.noinit.WEST_TOPDIR/zephyr/kernel/init.c.1
                0x0000000000000000      0x100
 .noinit.WEST_TOPDIR/zephyr/kernel/init.c.1
                0x0000000000000000      0x100 zephyr/kernel/libkernel.a(init.c.obj)

.noinit.WEST_TOPDIR/zephyr/kernel/init.c.0
                0x0000000000000000      0x400
 .noinit.WEST_TOPDIR/zephyr/kernel/init.c.0
                0x0000000000000000      0x400 zephyr/kernel/libkernel.a(init.c.obj)
                0x0000000000000000                z_main_stack

.data.slice_ticks
                0x0000000000000000        0x4
 .data.slice_ticks
                0x0000000000000000        0x4 zephyr/kernel/libkernel.a(timeslicing.c.obj)

.data.timeout_list
                0x0000000000000000        0x8
 .data.timeout_list
                0x0000000000000000        0x8 zephyr/kernel/libkernel.a(timeout.c.obj)

.data.announcing_cpu
                0x0000000000000000        0x4
 .data.announcing_cpu
                0x0000000000000000        0x4 zephyr/kernel/libkernel.a(timeout.c.obj)

.native_sim_if.data
 *(SORT_BY_ALIGNMENT(.native_sim_if.data))

rom_start

initlevel       0x0000000000000004       0x28
                0x0000000000000004                __init_start = .
                0x0000000000000004                __init_EARLY_start = .
 *(SORT_BY_NAME(SORT_BY_ALIGNMENT(.z_init_EARLY_P_?_*)))
 *(SORT_BY_NAME(SORT_BY_ALIGNMENT(.z_init_EARLY_P_??_*)))
 *(SORT_BY_NAME(SORT_BY_ALIGNMENT(.z_init_EARLY_P_???_*)))
                0x0000000000000004                __init_PRE_KERNEL_1_start = .
 *(SORT_BY_NAME(SORT_BY_ALIGNMENT(.z_init_PRE_KERNEL_1_P_?_*)))
 *(SORT_BY_NAME(SORT_BY_ALIGNMENT(.z_init_PRE_KERNEL_1_P_??_*)))
 .z_init_PRE_KERNEL_1_P_30_SUB_0_
                0x0000000000000004        0x8 zephyr/kernel/libkernel.a(kheap.c.obj)
 .z_init_PRE_KERNEL_1_P_99_SUB_0_
                0x000000000000000c        0x8 zephyr/drivers/console/libdrivers__console.a(posix_arch_console.c.obj)
 *(SORT_BY_NAME(SORT_BY_ALIGNMENT(.z_init_PRE_KERNEL_1_P_???_*)))
                0x0000000000000014                __init_PRE_KERNEL_2_start = .
 *(SORT_BY_NAME(SORT_BY_ALIGNMENT(.z_init_PRE_KERNEL_2_P_?_*)))
 .z_init_PRE_KERNEL_2_P_0_SUB_0_
                0x0000000000000014        0x8 zephyr/drivers/timer/libdrivers__timer.a(native_sim_timer.c.obj)
 *(SORT_BY_NAME(SORT_BY_ALIGNMENT(.z_init_PRE_KERNEL_2_P_??_*)))
 *(SORT_BY_NAME(SORT_BY_ALIGNMENT(.z_init_PRE_KERNEL_2_P_???_*)))
                0x000000000000001c                __init_POST_KERNEL_start = .
 *(SORT_BY_NAME(SORT_BY_ALIGNMENT(.z_init_POST_KERNEL_P_?_*)))
 .z_init_POST_KERNEL_P_0_SUB_0_
                0x000000000000001c        0x8 zephyr/libzephyr.a(log_core.c.obj)
 *(SORT_BY_NAME(SORT_BY_ALIGNMENT(.z_init_POST_KERNEL_P_??_*)))
 *(SORT_BY_NAME(SORT_BY_ALIGNMENT(.z_init_POST_KERNEL_P_???_*)))
                0x0000000000000024                __init_APPLICATION_start = .
 *(SORT_BY_NAME(SORT_BY_ALIGNMENT(.z_init_APPLICATION_P_?_*)))
 .z_init_APPLICATION_P_0_SUB_0_
                0x0000000000000024        0x8 zephyr/libzephyr.a(boot_banner.c.obj)
 *(SORT_BY_NAME(SORT_BY_ALIGNMENT(.z_init_APPLICATION_P_??_*)))
 *(SORT_BY_NAME(SORT_BY_ALIGNMENT(.z_init_APPLICATION_P_???_*)))
                0x000000000000002c                __init_SMP_start = .
 *(SORT_BY_NAME(SORT_BY_ALIGNMENT(.z_init_SMP_P_?_*)))
 *(SORT_BY_NAME(SORT_BY_ALIGNMENT(.z_init_SMP_P_??_*)))
 *(SORT_BY_NAME(SORT_BY_ALIGNMENT(.z_init_SMP_P_???_*)))
                0x000000000000002c                __init_end = .

device_area     0x000000000000002c        0x0
                0x000000000000002c                _device_list_start = .
 *(SORT_BY_NAME(SORT_BY_ALIGNMENT(._device.static.*_?_*)))
 *(SORT_BY_NAME(SORT_BY_ALIGNMENT(._device.static.*_??_*)))
 *(SORT_BY_NAME(SORT_BY_ALIGNMENT(._device.static.*_???_*)))
 *(SORT_BY_NAME(SORT_BY_ALIGNMENT(._device.static.*_????_*)))
 *(SORT_BY_NAME(SORT_BY_ALIGNMENT(._device.static.*_?????_*)))
                0x000000000000002c                _device_list_end = .

initlevel_error
                0x000000000000002c        0x0
 *(SORT_BY_NAME(SORT_BY_ALIGNMENT(.z_init_*)))
                0x0000000000000001                ASSERT ((SIZEOF (initlevel_error) == 0x0), Undefined initialization levels used.)

app_shmem_regions
                0x000000000000002c        0x0
                0x000000000000002c                __app_shmem_regions_start = .
 *(SORT_BY_NAME(SORT_BY_ALIGNMENT(.app_regions.*)))
                0x000000000000002c                __app_shmem_regions_end = .

k_p4wq_initparam_area
                0x000000000000002c        0x0
                0x000000000000002c                _k_p4wq_initparam_list_start = .
 *(SORT_BY_NAME(SORT_BY_ALIGNMENT(._k_p4wq_initparam.static.*)))
                0x000000000000002c                _k_p4wq_initparam_list_end = .

k_kernel_init_pre_entry_area
                0x000000000000002c        0x0
                0x000000000000002c                _k_kernel_init_pre_entry_list_start = .
 *(SORT_BY_NAME(SORT_BY_ALIGNMENT(._k_kernel_init_pre_entry.static.*)))
                0x000000000000002c                _k_kernel_init_pre_entry_list_end = .

k_kernel_init_post_entry_area
                0x000000000000002c        0x0
                0x000000000000002c                _k_kernel_init_post_entry_list_start = .
 *(SORT_BY_NAME(SORT_BY_ALIGNMENT(._k_kernel_init_post_entry.static.*)))
                0x000000000000002c                _k_kernel_init_post_entry_list_end = .

_static_thread_data_area
                0x000000000000002c        0x0
                0x000000000000002c                __static_thread_data_list_start = .
 *(SORT_BY_NAME(SORT_BY_ALIGNMENT(.__static_thread_data.static.*)))
                0x000000000000002c                __static_thread_data_list_end = .

device_deps     0x000000000000002c        0x0
                0x000000000000002c                __device_deps_start = .
 *(SORT_BY_NAME(SORT_BY_ALIGNMENT(.__device_deps_pass2*)))
                0x000000000000002c                __device_deps_end = .

device_api_area
                0x000000000000002c        0x0
                0x000000000000002c                _shared_irq_driver_api_list_start = .
 *(SORT_BY_NAME(SORT_BY_ALIGNMENT(._shared_irq_driver_api.static.*)))
                0x000000000000002c                _shared_irq_driver_api_list_end = .
                0x000000000000002c                _shared_irq_driver_api_ext_end = .
                0x000000000000002c                _audio_codec_driver_api_list_start = .
 *(SORT_BY_NAME(SORT_BY_ALIGNMENT(._audio_codec_driver_api.static.*)))
                0x000000000000002c                _audio_codec_driver_api_list_end = .
                0x000000000000002c                _audio_codec_driver_api_ext_end = .
                0x000000000000002c                _dmic_driver_api_list_start = .
 *(SORT_BY_NAME(SORT_BY_ALIGNMENT(._dmic_driver_api.static.*)))
                0x000000000000002c                _dmic_driver_api_list_end = .
                0x000000000000002c                _dmic_driver_api_ext_end = .
                0x000000000000002c                _crypto_driver_api_list_start = .
 *(SORT_BY_NAME(SORT_BY_ALIGNMENT(._crypto_driver_api.static.*)))
                0x000000000000002c                _crypto_driver_api_list_end = .
                0x000000000000002c                _crypto_driver_api_ext_end = .
                0x000000000000002c                _adc_driver_api_list_start = .
 *(SORT_BY_NAME(SORT_BY_ALIGNMENT(._adc_driver_api.static.*)))
                0x000000000000002c                _adc_driver_api_list_end = .
                0x000000000000002c                _adc_driver_api_ext_end = .
                0x000000000000002c                _auxdisplay_driver_api_list_start = .
 *(SORT_BY_NAME(SORT_BY_ALIGNMENT(._auxdisplay_driver_api.static.*)))
                0x000000000000002c                _auxdisplay_driver_api_list_end = .
                0x000000000000002c                _auxdisplay_driver_api_ext_end = .
                0x000000000000002c                _bbram_driver_api_list_start = .
 *(SORT_BY_NAME(SORT_BY_ALIGNMENT(._bbram_driver_api.static.*)))
                0x000000000000002c                _bbram_driver_api_list_end = .
                0x000000000000002c                _bbram_driver_api_ext_end = .
                0x000000000000002c                _biometric_driver_api_list_start = .
 *(SORT_BY_NAME(SORT_BY_ALIGNMENT(._biometric_driver_api.static.*)))
                0x000000000000002c                _biometric_driver_api_list_end = .
                0x000000000000002c                _biometric_driver_api_ext_end = .
                0x000000000000002c                _bt_hci_driver_api_list_start = .
 *(SORT_BY_NAME(SORT_BY_ALIGNMENT(._bt_hci_driver_api.static.*)))
                0x000000000000002c                _bt_hci_driver_api_list_end = .
                0x000000000000002c                _bt_hci_driver_api_ext_end = .
                0x000000000000002c                _buzzer_driver_api_list_start = .
 *(SORT_BY_NAME(SORT_BY_ALIGNMENT(._buzzer_driver_api.static.*)))
                0x000000000000002c                _buzzer_driver_api_list_end = .
                0x000000000000002c                _buzzer_driver_api_ext_end = .
                0x000000000000002c                _can_driver_api_list_start = .
 *(SORT_BY_NAME(SORT_BY_ALIGNMENT(._can_driver_api.static.*)))
                0x000000000000002c                _can_driver_api_list_end = .
                0x000000000000002c                _can_driver_api_ext_end = .
                0x000000000000002c                _cellular_driver_api_list_start = .
 *(SORT_BY_NAME(SORT_BY_ALIGNMENT(._cellular_driver_api.static.*)))
                0x000000000000002c                _cellular_driver_api_list_end = .
                0x000000000000002c                _cellular_driver_api_ext_end = .
                0x000000000000002c                _charger_driver_api_list_start = .
 *(SORT_BY_NAME(SORT_BY_ALIGNMENT(._charger_driver_api.static.*)))
                0x000000000000002c                _charger_driver_api_list_end = .
                0x000000000000002c                _charger_driver_api_ext_end = .
                0x000000000000002c                _clock_control_driver_api_list_start = .
 *(SORT_BY_NAME(SORT_BY_ALIGNMENT(._clock_control_driver_api.static.*)))
                0x000000000000002c                _clock_control_driver_api_list_end = .
                0x000000000000002c                _nrf_clock_control_driver_api_list_start = .
 *(SORT_BY_NAME(SORT_BY_ALIGNMENT(._nrf_clock_control_driver_api.static.*)))
                0x000000000000002c                _nrf_clock_control_driver_api_list_end = .
                0x000000000000002c                _nrf_clock_control_driver_api_ext_end = .
                0x000000000000002c                _clock_control_driver_api_ext_end = .
                0x000000000000002c                _clock_monitor_driver_api_list_start = .
 *(SORT_BY_NAME(SORT_BY_ALIGNMENT(._clock_monitor_driver_api.static.*)))
                0x000000000000002c                _clock_monitor_driver_api_list_end = .
                0x000000000000002c                _clock_monitor_driver_api_ext_end = .
                0x000000000000002c                _comparator_driver_api_list_start = .
 *(SORT_BY_NAME(SORT_BY_ALIGNMENT(._comparator_driver_api.static.*)))
                0x000000000000002c                _comparator_driver_api_list_end = .
                0x000000000000002c                _comparator_driver_api_ext_end = .
                0x000000000000002c                _coredump_driver_api_list_start = .
 *(SORT_BY_NAME(SORT_BY_ALIGNMENT(._coredump_driver_api.static.*)))
                0x000000000000002c                _coredump_driver_api_list_end = .
                0x000000000000002c                _coredump_driver_api_ext_end = .
                0x000000000000002c                _counter_driver_api_list_start = .
 *(SORT_BY_NAME(SORT_BY_ALIGNMENT(._counter_driver_api.static.*)))
                0x000000000000002c                _counter_driver_api_list_end = .
                0x000000000000002c                _counter_driver_api_ext_end = .
                0x000000000000002c                _crc_driver_api_list_start = .
 *(SORT_BY_NAME(SORT_BY_ALIGNMENT(._crc_driver_api.static.*)))
                0x000000000000002c                _crc_driver_api_list_end = .
                0x000000000000002c                _crc_driver_api_ext_end = .
                0x000000000000002c                _dac_driver_api_list_start = .
 *(SORT_BY_NAME(SORT_BY_ALIGNMENT(._dac_driver_api.static.*)))
                0x000000000000002c                _dac_driver_api_list_end = .
                0x000000000000002c                _dac_driver_api_ext_end = .
                0x000000000000002c                _dai_driver_api_list_start = .
 *(SORT_BY_NAME(SORT_BY_ALIGNMENT(._dai_driver_api.static.*)))
                0x000000000000002c                _dai_driver_api_list_end = .
                0x000000000000002c                _dai_driver_api_ext_end = .
                0x000000000000002c                _dali_driver_api_list_start = .
 *(SORT_BY_NAME(SORT_BY_ALIGNMENT(._dali_driver_api.static.*)))
                0x000000000000002c                _dali_driver_api_list_end = .
                0x000000000000002c                _dali_driver_api_ext_end = .
                0x000000000000002c                _display_driver_api_list_start = .
 *(SORT_BY_NAME(SORT_BY_ALIGNMENT(._display_driver_api.static.*)))
                0x000000000000002c                _display_driver_api_list_end = .
                0x000000000000002c                _display_driver_api_ext_end = .
                0x000000000000002c                _dma_driver_api_list_start = .
 *(SORT_BY_NAME(SORT_BY_ALIGNMENT(._dma_driver_api.static.*)))
                0x000000000000002c                _dma_driver_api_list_end = .
                0x000000000000002c                _dma_driver_api_ext_end = .
                0x000000000000002c                _edac_driver_api_list_start = .
 *(SORT_BY_NAME(SORT_BY_ALIGNMENT(._edac_driver_api.static.*)))
                0x000000000000002c                _edac_driver_api_list_end = .
                0x000000000000002c                _edac_driver_api_ext_end = .
                0x000000000000002c                _eeprom_driver_api_list_start = .
 *(SORT_BY_NAME(SORT_BY_ALIGNMENT(._eeprom_driver_api.static.*)))
                0x000000000000002c                _eeprom_driver_api_list_end = .
                0x000000000000002c                _eeprom_driver_api_ext_end = .
                0x000000000000002c                _emul_bbram_driver_api_list_start = .
 *(SORT_BY_NAME(SORT_BY_ALIGNMENT(._emul_bbram_driver_api.static.*)))
                0x000000000000002c                _emul_bbram_driver_api_list_end = .
                0x000000000000002c                _emul_bbram_driver_api_ext_end = .
                0x000000000000002c                _fuel_gauge_emul_driver_api_list_start = .
 *(SORT_BY_NAME(SORT_BY_ALIGNMENT(._fuel_gauge_emul_driver_api.static.*)))
                0x000000000000002c                _fuel_gauge_emul_driver_api_list_end = .
                0x000000000000002c                _fuel_gauge_emul_driver_api_ext_end = .
                0x000000000000002c                _emul_sensor_driver_api_list_start = .
 *(SORT_BY_NAME(SORT_BY_ALIGNMENT(._emul_sensor_driver_api.static.*)))
                0x000000000000002c                _emul_sensor_driver_api_list_end = .
                0x000000000000002c                _emul_sensor_driver_api_ext_end = .
                0x000000000000002c                _entropy_driver_api_list_start = .
 *(SORT_BY_NAME(SORT_BY_ALIGNMENT(._entropy_driver_api.static.*)))
                0x000000000000002c                _entropy_driver_api_list_end = .
                0x000000000000002c                _entropy_driver_api_ext_end = .
                0x000000000000002c                _espi_driver_api_list_start = .
 *(SORT_BY_NAME(SORT_BY_ALIGNMENT(._espi_driver_api.static.*)))
                0x000000000000002c                _espi_driver_api_list_end = .
                0x000000000000002c                _emul_espi_driver_api_list_start = .
 *(SORT_BY_NAME(SORT_BY_ALIGNMENT(._emul_espi_driver_api.static.*)))
                0x000000000000002c                _emul_espi_driver_api_list_end = .
                0x000000000000002c                _emul_espi_driver_api_ext_end = .
                0x000000000000002c                _espi_driver_api_ext_end = .
                0x000000000000002c                _espi_saf_driver_api_list_start = .
 *(SORT_BY_NAME(SORT_BY_ALIGNMENT(._espi_saf_driver_api.static.*)))
                0x000000000000002c                _espi_saf_driver_api_list_end = .
                0x000000000000002c                _espi_saf_driver_api_ext_end = .
                0x000000000000002c                _flash_driver_api_list_start = .
 *(SORT_BY_NAME(SORT_BY_ALIGNMENT(._flash_driver_api.static.*)))
                0x000000000000002c                _flash_driver_api_list_end = .
                0x000000000000002c                _flash_driver_api_ext_end = .
                0x000000000000002c                _fpga_driver_api_list_start = .
 *(SORT_BY_NAME(SORT_BY_ALIGNMENT(._fpga_driver_api.static.*)))
                0x000000000000002c                _fpga_driver_api_list_end = .
                0x000000000000002c                _fpga_driver_api_ext_end = .
                0x000000000000002c                _fuel_gauge_driver_api_list_start = .
 *(SORT_BY_NAME(SORT_BY_ALIGNMENT(._fuel_gauge_driver_api.static.*)))
                0x000000000000002c                _fuel_gauge_driver_api_list_end = .
                0x000000000000002c                _fuel_gauge_driver_api_ext_end = .
                0x000000000000002c                _gnss_driver_api_list_start = .
 *(SORT_BY_NAME(SORT_BY_ALIGNMENT(._gnss_driver_api.static.*)))
                0x000000000000002c                _gnss_driver_api_list_end = .
                0x000000000000002c                _gnss_driver_api_ext_end = .
                0x000000000000002c                _gpio_driver_api_list_start = .
 *(SORT_BY_NAME(SORT_BY_ALIGNMENT(._gpio_driver_api.static.*)))
                0x000000000000002c                _gpio_driver_api_list_end = .
                0x000000000000002c                _gpio_driver_api_ext_end = .
                0x000000000000002c                _haptics_driver_api_list_start = .
 *(SORT_BY_NAME(SORT_BY_ALIGNMENT(._haptics_driver_api.static.*)))
                0x000000000000002c                _haptics_driver_api_list_end = .
                0x000000000000002c                _haptics_driver_api_ext_end = .
                0x000000000000002c                _hwspinlock_driver_api_list_start = .
 *(SORT_BY_NAME(SORT_BY_ALIGNMENT(._hwspinlock_driver_api.static.*)))
                0x000000000000002c                _hwspinlock_driver_api_list_end = .
                0x000000000000002c                _hwspinlock_driver_api_ext_end = .
                0x000000000000002c                _i2c_driver_api_list_start = .
 *(SORT_BY_NAME(SORT_BY_ALIGNMENT(._i2c_driver_api.static.*)))
                0x000000000000002c                _i2c_driver_api_list_end = .
                0x000000000000002c                _i3c_driver_api_list_start = .
 *(SORT_BY_NAME(SORT_BY_ALIGNMENT(._i3c_driver_api.static.*)))
                0x000000000000002c                _i3c_driver_api_list_end = .
                0x000000000000002c                _i3c_driver_api_ext_end = .
                0x000000000000002c                _i2c_driver_api_ext_end = .
                0x000000000000002c                _i2c_target_driver_api_list_start = .
 *(SORT_BY_NAME(SORT_BY_ALIGNMENT(._i2c_target_driver_api.static.*)))
                0x000000000000002c                _i2c_target_driver_api_list_end = .
                0x000000000000002c                _i2c_target_driver_api_ext_end = .
                0x000000000000002c                _i2s_driver_api_list_start = .
 *(SORT_BY_NAME(SORT_BY_ALIGNMENT(._i2s_driver_api.static.*)))
                0x000000000000002c                _i2s_driver_api_list_end = .
                0x000000000000002c                _i2s_driver_api_ext_end = .
                0x000000000000002c                _ipm_driver_api_list_start = .
 *(SORT_BY_NAME(SORT_BY_ALIGNMENT(._ipm_driver_api.static.*)))
                0x000000000000002c                _ipm_driver_api_list_end = .
                0x000000000000002c                _ipm_driver_api_ext_end = .
                0x000000000000002c                _led_driver_api_list_start = .
 *(SORT_BY_NAME(SORT_BY_ALIGNMENT(._led_driver_api.static.*)))
                0x000000000000002c                _led_driver_api_list_end = .
                0x000000000000002c                _led_driver_api_ext_end = .
                0x000000000000002c                _led_strip_driver_api_list_start = .
 *(SORT_BY_NAME(SORT_BY_ALIGNMENT(._led_strip_driver_api.static.*)))
                0x000000000000002c                _led_strip_driver_api_list_end = .
                0x000000000000002c                _led_strip_driver_api_ext_end = .
                0x000000000000002c                _lora_driver_api_list_start = .
 *(SORT_BY_NAME(SORT_BY_ALIGNMENT(._lora_driver_api.static.*)))
                0x000000000000002c                _lora_driver_api_list_end = .
                0x000000000000002c                _lora_driver_api_ext_end = .
                0x000000000000002c                _mbox_driver_api_list_start = .
 *(SORT_BY_NAME(SORT_BY_ALIGNMENT(._mbox_driver_api.static.*)))
                0x000000000000002c                _mbox_driver_api_list_end = .
                0x000000000000002c                _mbox_driver_api_ext_end = .
                0x000000000000002c                _mdio_driver_api_list_start = .
 *(SORT_BY_NAME(SORT_BY_ALIGNMENT(._mdio_driver_api.static.*)))
                0x000000000000002c                _mdio_driver_api_list_end = .
                0x000000000000002c                _mdio_driver_api_ext_end = .
                0x000000000000002c                _memc_driver_api_list_start = .
 *(SORT_BY_NAME(SORT_BY_ALIGNMENT(._memc_driver_api.static.*)))
                0x000000000000002c                _memc_driver_api_list_end = .
                0x000000000000002c                _memc_driver_api_ext_end = .
                0x000000000000002c                _mipi_dbi_driver_api_list_start = .
 *(SORT_BY_NAME(SORT_BY_ALIGNMENT(._mipi_dbi_driver_api.static.*)))
                0x000000000000002c                _mipi_dbi_driver_api_list_end = .
                0x000000000000002c                _mipi_dbi_driver_api_ext_end = .
                0x000000000000002c                _mipi_dsi_driver_api_list_start = .
 *(SORT_BY_NAME(SORT_BY_ALIGNMENT(._mipi_dsi_driver_api.static.*)))
                0x000000000000002c                _mipi_dsi_driver_api_list_end = .
                0x000000000000002c                _mipi_dsi_driver_api_ext_end = .
                0x000000000000002c                _mspi_driver_api_list_start = .
 *(SORT_BY_NAME(SORT_BY_ALIGNMENT(._mspi_driver_api.static.*)))
                0x000000000000002c                _mspi_driver_api_list_end = .
                0x000000000000002c                _emul_mspi_driver_api_list_start = .
 *(SORT_BY_NAME(SORT_BY_ALIGNMENT(._emul_mspi_driver_api.static.*)))
                0x000000000000002c                _emul_mspi_driver_api_list_end = .
                0x000000000000002c                _emul_mspi_driver_api_ext_end = .
                0x000000000000002c                _mspi_driver_api_ext_end = .
                0x000000000000002c                _opamp_driver_api_list_start = .
 *(SORT_BY_NAME(SORT_BY_ALIGNMENT(._opamp_driver_api.static.*)))
                0x000000000000002c                _opamp_driver_api_list_end = .
                0x000000000000002c                _opamp_driver_api_ext_end = .
                0x000000000000002c                _otp_driver_api_list_start = .
 *(SORT_BY_NAME(SORT_BY_ALIGNMENT(._otp_driver_api.static.*)))
                0x000000000000002c                _otp_driver_api_list_end = .
                0x000000000000002c                _otp_driver_api_ext_end = .
                0x000000000000002c                _peci_driver_api_list_start = .
 *(SORT_BY_NAME(SORT_BY_ALIGNMENT(._peci_driver_api.static.*)))
                0x000000000000002c                _peci_driver_api_list_end = .
                0x000000000000002c                _peci_driver_api_ext_end = .
                0x000000000000002c                _ps2_driver_api_list_start = .
 *(SORT_BY_NAME(SORT_BY_ALIGNMENT(._ps2_driver_api.static.*)))
                0x000000000000002c                _ps2_driver_api_list_end = .
                0x000000000000002c                _ps2_driver_api_ext_end = .
                0x000000000000002c                _ptp_clock_driver_api_list_start = .
 *(SORT_BY_NAME(SORT_BY_ALIGNMENT(._ptp_clock_driver_api.static.*)))
                0x000000000000002c                _ptp_clock_driver_api_list_end = .
                0x000000000000002c                _ptp_clock_driver_api_ext_end = .
                0x000000000000002c                _pwm_driver_api_list_start = .
 *(SORT_BY_NAME(SORT_BY_ALIGNMENT(._pwm_driver_api.static.*)))
                0x000000000000002c                _pwm_driver_api_list_end = .
                0x000000000000002c                _pwm_driver_api_ext_end = .
                0x000000000000002c                _regulator_parent_driver_api_list_start = .
 *(SORT_BY_NAME(SORT_BY_ALIGNMENT(._regulator_parent_driver_api.static.*)))
                0x000000000000002c                _regulator_parent_driver_api_list_end = .
                0x000000000000002c                _regulator_parent_driver_api_ext_end = .
                0x000000000000002c                _regulator_driver_api_list_start = .
 *(SORT_BY_NAME(SORT_BY_ALIGNMENT(._regulator_driver_api.static.*)))
                0x000000000000002c                _regulator_driver_api_list_end = .
                0x000000000000002c                _regulator_driver_api_ext_end = .
                0x000000000000002c                _reset_driver_api_list_start = .
 *(SORT_BY_NAME(SORT_BY_ALIGNMENT(._reset_driver_api.static.*)))
                0x000000000000002c                _reset_driver_api_list_end = .
                0x000000000000002c                _reset_driver_api_ext_end = .
                0x000000000000002c                _retained_mem_driver_api_list_start = .
 *(SORT_BY_NAME(SORT_BY_ALIGNMENT(._retained_mem_driver_api.static.*)))
                0x000000000000002c                _retained_mem_driver_api_list_end = .
                0x000000000000002c                _retained_mem_driver_api_ext_end = .
                0x000000000000002c                _rtc_driver_api_list_start = .
 *(SORT_BY_NAME(SORT_BY_ALIGNMENT(._rtc_driver_api.static.*)))
                0x000000000000002c                _rtc_driver_api_list_end = .
                0x000000000000002c                _rtc_driver_api_ext_end = .
                0x000000000000002c                _sdhc_driver_api_list_start = .
 *(SORT_BY_NAME(SORT_BY_ALIGNMENT(._sdhc_driver_api.static.*)))
                0x000000000000002c                _sdhc_driver_api_list_end = .
                0x000000000000002c                _sdhc_driver_api_ext_end = .
                0x000000000000002c                _sensor_driver_api_list_start = .
 *(SORT_BY_NAME(SORT_BY_ALIGNMENT(._sensor_driver_api.static.*)))
                0x000000000000002c                _sensor_driver_api_list_end = .
                0x000000000000002c                _sensor_driver_api_ext_end = .
                0x000000000000002c                _smbus_driver_api_list_start = .
 *(SORT_BY_NAME(SORT_BY_ALIGNMENT(._smbus_driver_api.static.*)))
                0x000000000000002c                _smbus_driver_api_list_end = .
                0x000000000000002c                _smbus_driver_api_ext_end = .
                0x000000000000002c                _spi_driver_api_list_start = .
 *(SORT_BY_NAME(SORT_BY_ALIGNMENT(._spi_driver_api.static.*)))
                0x000000000000002c                _spi_driver_api_list_end = .
                0x000000000000002c                _spi_driver_api_ext_end = .
                0x000000000000002c                _syscon_driver_api_list_start = .
 *(SORT_BY_NAME(SORT_BY_ALIGNMENT(._syscon_driver_api.static.*)))
                0x000000000000002c                _syscon_driver_api_list_end = .
                0x000000000000002c                _syscon_driver_api_ext_end = .
                0x000000000000002c                _tee_driver_api_list_start = .
 *(SORT_BY_NAME(SORT_BY_ALIGNMENT(._tee_driver_api.static.*)))
                0x000000000000002c                _tee_driver_api_list_end = .
                0x000000000000002c                _tee_driver_api_ext_end = .
                0x000000000000002c                _tgpio_driver_api_list_start = .
 *(SORT_BY_NAME(SORT_BY_ALIGNMENT(._tgpio_driver_api.static.*)))
                0x000000000000002c                _tgpio_driver_api_list_end = .
                0x000000000000002c                _tgpio_driver_api_ext_end = .
                0x000000000000002c                _uaol_driver_api_list_start = .
 *(SORT_BY_NAME(SORT_BY_ALIGNMENT(._uaol_driver_api.static.*)))
                0x000000000000002c                _uaol_driver_api_list_end = .
                0x000000000000002c                _uaol_driver_api_ext_end = .
                0x000000000000002c                _video_driver_api_list_start = .
 *(SORT_BY_NAME(SORT_BY_ALIGNMENT(._video_driver_api.static.*)))
                0x000000000000002c                _video_driver_api_list_end = .
                0x000000000000002c                _video_driver_api_ext_end = .
                0x000000000000002c                _virtio_driver_api_list_start = .
 *(SORT_BY_NAME(SORT_BY_ALIGNMENT(._virtio_driver_api.static.*)))
                0x000000000000002c                _virtio_driver_api_list_end = .
                0x000000000000002c                _virtio_driver_api_ext_end = .
                0x000000000000002c                _w1_driver_api_list_start = .
 *(SORT_BY_NAME(SORT_BY_ALIGNMENT(._w1_driver_api.static.*)))
                0x000000000000002c                _w1_driver_api_list_end = .
                0x000000000000002c                _w1_driver_api_ext_end = .
                0x000000000000002c                _wdt_driver_api_list_start = .
 *(SORT_BY_NAME(SORT_BY_ALIGNMENT(._wdt_driver_api.static.*)))
                0x000000000000002c                _wdt_driver_api_list_end = .
                0x000000000000002c                _wdt_driver_api_ext_end = .
                0x000000000000002c                _wuc_driver_api_list_start = .
 *(SORT_BY_NAME(SORT_BY_ALIGNMENT(._wuc_driver_api.static.*)))
                0x000000000000002c                _wuc_driver_api_list_end = .
                0x000000000000002c                _wuc_driver_api_ext_end = .
                0x000000000000002c                _can_transceiver_driver_api_list_start = .
 *(SORT_BY_NAME(SORT_BY_ALIGNMENT(._can_transceiver_driver_api.static.*)))
                0x000000000000002c                _can_transceiver_driver_api_list_end = .
                0x000000000000002c                _can_transceiver_driver_api_ext_end = .
                0x000000000000002c                _i3c_target_driver_api_list_start = .
 *(SORT_BY_NAME(SORT_BY_ALIGNMENT(._i3c_target_driver_api.static.*)))
                0x000000000000002c                _i3c_target_driver_api_list_end = .
                0x000000000000002c                _i3c_target_driver_api_ext_end = .
                0x000000000000002c                _its_driver_api_list_start = .
 *(SORT_BY_NAME(SORT_BY_ALIGNMENT(._its_driver_api.static.*)))
                0x000000000000002c                _its_driver_api_list_end = .
                0x000000000000002c                _its_driver_api_ext_end = .
                0x000000000000002c                _vtd_driver_api_list_start = .
 *(SORT_BY_NAME(SORT_BY_ALIGNMENT(._vtd_driver_api.static.*)))
                0x000000000000002c                _vtd_driver_api_list_end = .
                0x000000000000002c                _vtd_driver_api_ext_end = .
                0x000000000000002c                _renesas_elc_driver_api_list_start = .
 *(SORT_BY_NAME(SORT_BY_ALIGNMENT(._renesas_elc_driver_api.static.*)))
                0x000000000000002c                _renesas_elc_driver_api_list_end = .
                0x000000000000002c                _renesas_elc_driver_api_ext_end = .
                0x000000000000002c                _pcie_ctrl_driver_api_list_start = .
 *(SORT_BY_NAME(SORT_BY_ALIGNMENT(._pcie_ctrl_driver_api.static.*)))
                0x000000000000002c                _pcie_ctrl_driver_api_list_end = .
                0x000000000000002c                _pcie_ctrl_driver_api_ext_end = .
                0x000000000000002c                _pcie_ep_driver_api_list_start = .
 *(SORT_BY_NAME(SORT_BY_ALIGNMENT(._pcie_ep_driver_api.static.*)))
                0x000000000000002c                _pcie_ep_driver_api_list_end = .
                0x000000000000002c                _pcie_ep_driver_api_ext_end = .
                0x000000000000002c                _psi5_driver_api_list_start = .
 *(SORT_BY_NAME(SORT_BY_ALIGNMENT(._psi5_driver_api.static.*)))
                0x000000000000002c                _psi5_driver_api_list_end = .
                0x000000000000002c                _psi5_driver_api_ext_end = .
                0x000000000000002c                _sent_driver_api_list_start = .
 *(SORT_BY_NAME(SORT_BY_ALIGNMENT(._sent_driver_api.static.*)))
                0x000000000000002c                _sent_driver_api_list_end = .
                0x000000000000002c                _sent_driver_api_ext_end = .
                0x000000000000002c                _svc_driver_api_list_start = .
 *(SORT_BY_NAME(SORT_BY_ALIGNMENT(._svc_driver_api.static.*)))
                0x000000000000002c                _svc_driver_api_list_end = .
                0x000000000000002c                _svc_driver_api_ext_end = .
                0x000000000000002c                _stepper_driver_api_list_start = .
 *(SORT_BY_NAME(SORT_BY_ALIGNMENT(._stepper_driver_api.static.*)))
                0x000000000000002c                _stepper_driver_api_list_end = .
                0x000000000000002c                _stepper_driver_api_ext_end = .
                0x000000000000002c                _stepper_ctrl_driver_api_list_start = .
 *(SORT_BY_NAME(SORT_BY_ALIGNMENT(._stepper_ctrl_driver_api.static.*)))
                0x000000000000002c                _stepper_ctrl_driver_api_list_end = .
                0x000000000000002c                _stepper_ctrl_driver_api_ext_end = .
                0x000000000000002c                _uart_driver_api_list_start = .
 *(SORT_BY_NAME(SORT_BY_ALIGNMENT(._uart_driver_api.static.*)))
                0x000000000000002c                _uart_driver_api_list_end = .
                0x000000000000002c                _uart_driver_api_ext_end = .
                0x000000000000002c                _bc12_emul_driver_api_list_start = .
 *(SORT_BY_NAME(SORT_BY_ALIGNMENT(._bc12_emul_driver_api.static.*)))
                0x000000000000002c                _bc12_emul_driver_api_list_end = .
                0x000000000000002c                _bc12_emul_driver_api_ext_end = .
                0x000000000000002c                _bc12_driver_api_list_start = .
 *(SORT_BY_NAME(SORT_BY_ALIGNMENT(._bc12_driver_api.static.*)))
                0x000000000000002c                _bc12_driver_api_list_end = .
                0x000000000000002c                _bc12_driver_api_ext_end = .
                0x000000000000002c                _usbc_ppc_driver_api_list_start = .
 *(SORT_BY_NAME(SORT_BY_ALIGNMENT(._usbc_ppc_driver_api.static.*)))
                0x000000000000002c                _usbc_ppc_driver_api_list_end = .
                0x000000000000002c                _usbc_ppc_driver_api_ext_end = .
                0x000000000000002c                _tcpc_driver_api_list_start = .
 *(SORT_BY_NAME(SORT_BY_ALIGNMENT(._tcpc_driver_api.static.*)))
                0x000000000000002c                _tcpc_driver_api_list_end = .
                0x000000000000002c                _tcpc_driver_api_ext_end = .
                0x000000000000002c                _usbc_vbus_driver_api_list_start = .
 *(SORT_BY_NAME(SORT_BY_ALIGNMENT(._usbc_vbus_driver_api.static.*)))
                0x000000000000002c                _usbc_vbus_driver_api_list_end = .
                0x000000000000002c                _usbc_vbus_driver_api_ext_end = .
                0x000000000000002c                _ivshmem_driver_api_list_start = .
 *(SORT_BY_NAME(SORT_BY_ALIGNMENT(._ivshmem_driver_api.static.*)))
                0x000000000000002c                _ivshmem_driver_api_list_end = .
                0x000000000000002c                _ivshmem_driver_api_ext_end = .
                0x000000000000002c                _ethphy_driver_api_list_start = .
 *(SORT_BY_NAME(SORT_BY_ALIGNMENT(._ethphy_driver_api.static.*)))
                0x000000000000002c                _ethphy_driver_api_list_end = .
                0x000000000000002c                _ethphy_driver_api_ext_end = .

ztest           0x000000000000002c        0x0
                0x000000000000002c                _ztest_expected_result_entry_list_start = .
 *(SORT_BY_NAME(SORT_BY_ALIGNMENT(._ztest_expected_result_entry.static.*)))
                0x000000000000002c                _ztest_expected_result_entry_list_end = .
                0x000000000000002c                _ztest_suite_node_list_start = .
 *(SORT_BY_NAME(SORT_BY_ALIGNMENT(._ztest_suite_node.static.*)))
                0x000000000000002c                _ztest_suite_node_list_end = .
                0x000000000000002c                _ztest_unit_test_list_start = .
 *(SORT_BY_NAME(SORT_BY_ALIGNMENT(._ztest_unit_test.static.*)))
                0x000000000000002c                _ztest_unit_test_list_end = .
                0x000000000000002c                _ztest_param_inst_list_start = .
 *(SORT_BY_NAME(SORT_BY_ALIGNMENT(._ztest_param_inst.static.*)))
                0x000000000000002c                _ztest_param_inst_list_end = .
                0x000000000000002c                _ztest_test_rule_list_start = .
 *(SORT_BY_NAME(SORT_BY_ALIGNMENT(._ztest_test_rule.static.*)))
                0x000000000000002c                _ztest_test_rule_list_end = .

init_array      0x000000000000002c        0x8
                0x000000000000002c                __zephyr_init_array_start = .
 *(SORT_BY_INIT_PRIORITY(.init_array.*) SORT_BY_INIT_PRIORITY(.ctors.*))
 *(SORT_BY_ALIGNMENT(.init_array) SORT_BY_ALIGNMENT(.ctors))
                0x000000000000002c                __zephyr_init_array_end = .
                0x000000000000002c                __CTOR_LIST__ = .
                0x000000000000002c        0x4 LONG 0x0
                0x0000000000000030        0x4 LONG 0x0
                0x0000000000000034                __CTOR_END__ = .
                0x0000000000000034                __init_array_start = .
                0x0000000000000034                __init_array_end = .

bt_l2cap_fixed_chan_area
                0x0000000000000034        0x0
                0x0000000000000034                _bt_l2cap_fixed_chan_list_start = .
 *(SORT_BY_NAME(SORT_BY_ALIGNMENT(._bt_l2cap_fixed_chan.static.*)))
                0x0000000000000034                _bt_l2cap_fixed_chan_list_end = .

bt_gatt_service_static_area
                0x0000000000000034        0x0
                0x0000000000000034                _bt_gatt_service_static_list_start = .
 *(SORT_BY_NAME(SORT_BY_ALIGNMENT(._bt_gatt_service_static.static.*)))
                0x0000000000000034                _bt_gatt_service_static_list_end = .

log_strings_area
                0x0000000000000034        0x0
                0x0000000000000034                _log_strings_list_start = .
 *(SORT_BY_NAME(SORT_BY_ALIGNMENT(._log_strings.static.*)))
                0x0000000000000034                _log_strings_list_end = .

log_stmesp_ptr_area
                0x0000000000000034        0x0
                0x0000000000000034                _log_stmesp_ptr_list_start = .
 *(SORT_BY_NAME(SORT_BY_ALIGNMENT(._log_stmesp_ptr.static.*)))
                0x0000000000000034                _log_stmesp_ptr_list_end = .

log_stmesp_str_area
                0x0000000000000034        0x0
                0x0000000000000034                _log_stmesp_str_list_start = .
 *(SORT_BY_NAME(SORT_BY_ALIGNMENT(._log_stmesp_str.static.*)))
                0x0000000000000034                _log_stmesp_str_list_end = .

log_const_area  0x0000000000000034       0x38
                0x0000000000000034                _log_const_list_start = .
 *(SORT_BY_NAME(SORT_BY_ALIGNMENT(._log_const.static.*)))
 ._log_const.static.log_const_cbprintf_package_
                0x0000000000000034        0x8 zephyr/libzephyr.a(cbprintf_packaged.c.obj)
                0x0000000000000034                log_const_cbprintf_package
 ._log_const.static.log_const_environment_monitor_
                0x000000000000003c        0x8 app/libapp.a(main.c.obj)
                0x000000000000003c                log_const_environment_monitor
 ._log_const.static.log_const_log_
                0x0000000000000044        0x8 zephyr/libzephyr.a(log_core.c.obj)
                0x0000000000000044                log_const_log
 ._log_const.static.log_const_log_mgmt_
                0x000000000000004c        0x8 zephyr/libzephyr.a(log_mgmt.c.obj)
                0x000000000000004c                log_const_log_mgmt
 ._log_const.static.log_const_os_
                0x0000000000000054        0x8 zephyr/kernel/libkernel.a(init.c.obj)
                0x0000000000000054                log_const_os
 ._log_const.static.log_const_os_heap_
                0x000000000000005c        0x8 zephyr/libzephyr.a(heap.c.obj)
                0x000000000000005c                log_const_os_heap
 ._log_const.static.log_const_sys_getopt_
                0x0000000000000064        0x8 zephyr/libzephyr.a(getopt.c.obj)
                0x0000000000000064                log_const_sys_getopt
                0x000000000000006c                _log_const_list_end = .

log_backend_area
                0x000000000000006c       0x10
                0x000000000000006c                _log_backend_list_start = .
 *(SORT_BY_NAME(SORT_BY_ALIGNMENT(._log_backend.static.*)))
 ._log_backend.static.log_backend_native_posix_
                0x000000000000006c       0x10 zephyr/libzephyr.a(log_backend_native_posix.c.obj)
                0x000000000000007c                _log_backend_list_end = .

log_link_area   0x000000000000007c        0x0
                0x000000000000007c                _log_link_list_start = .
 *(SORT_BY_NAME(SORT_BY_ALIGNMENT(._log_link.static.*)))
                0x000000000000007c                _log_link_list_end = .

tracing_backend_area
                0x000000000000007c        0x0
                0x000000000000007c                _tracing_backend_list_start = .
 *(SORT_BY_NAME(SORT_BY_ALIGNMENT(._tracing_backend.static.*)))
                0x000000000000007c                _tracing_backend_list_end = .

zephyr_dbg_info
 *(SORT_BY_ALIGNMENT(.dbg_thread_info))

intc_table_area
                0x000000000000007c        0x0
                0x000000000000007c                _intc_table_list_start = .
 *(SORT_BY_NAME(SORT_BY_ALIGNMENT(._intc_table.static.*)))
                0x000000000000007c                _intc_table_list_end = .

symbol_to_keep  0x000000000000007c        0x0
                0x000000000000007c                __symbol_to_keep_start = .
 *(SORT_BY_NAME(SORT_BY_ALIGNMENT(.symbol_to_keep*)))
                0x000000000000007c                __symbol_to_keep_end = .

shell_area      0x000000000000007c        0x0
                0x000000000000007c                _shell_list_start = .
 *(SORT_BY_NAME(SORT_BY_ALIGNMENT(._shell.static.*)))
                0x000000000000007c                _shell_list_end = .

shell_root_cmds_area